Component: ARM Compiler 5.06 update 7 (build 960) Tool: armlink [4d3601]

==============================================================================

Section Cross References

    main.o(i.main) refers to misc.o(i.NVIC_PriorityGroupConfig) for NVIC_PriorityGroupConfig
    main.o(i.main) refers to system_f103.o(i.System_SwdMode) for System_SwdMode
    main.o(i.main) refers to bsp_usart.o(i.USART1_Init) for USART1_Init
    main.o(i.main) refers to bsp_led.o(i.Led_Init) for Led_Init
    main.o(i.main) refers to bsp_w25qxx.o(i.W25qx_Init) for W25qx_Init
    main.o(i.main) refers to bsp_lcd_st7735.o(i.LCD_Init) for LCD_Init
    main.o(i.main) refers to bsp_lcd_st7735.o(i.LCD_Fill) for LCD_Fill
    main.o(i.main) refers to bsp_lcd_st7735.o(i.LCD_String) for LCD_String
    main.o(i.main) refers to bsp_lcd_st7735.o(i.LCD_Chinese16ForFile) for LCD_Chinese16ForFile
    main.o(i.main) refers to bsp_lcd_st7735.o(i.LCD_Image) for LCD_Image
    main.o(i.main) refers to main.o(i.delay_ms) for delay_ms
    main.o(i.main) refers to bsp_lcd_st7735.o(.constdata) for imageLoge
    bsp_led.o(i.Led_Init) refers to stm32f10x_rcc.o(i.RCC_APB2PeriphClockCmd) for RCC_APB2PeriphClockCmd
    bsp_led.o(i.Led_Init) refers to stm32f10x_gpio.o(i.GPIO_Init) for GPIO_Init
    bsp_led.o(i.Led_Init) refers to printf6.o(i.__0printf$6) for __2printf
    bsp_usart.o(i.USART1_GetBuffer) refers to memcpya.o(.text) for __aeabi_memcpy
    bsp_usart.o(i.USART1_GetBuffer) refers to bsp_usart.o(.bss) for xUSART
    bsp_usart.o(i.USART1_IRQHandler) refers to memcpya.o(.text) for __aeabi_memcpy
    bsp_usart.o(i.USART1_IRQHandler) refers to memseta.o(.text) for __aeabi_memclr
    bsp_usart.o(i.USART1_IRQHandler) refers to bsp_usart.o(.data) for cnt
    bsp_usart.o(i.USART1_IRQHandler) refers to bsp_usart.o(.bss) for RxTemp
    bsp_usart.o(i.USART1_Init) refers to stm32f10x_gpio.o(i.GPIO_Init) for GPIO_Init
    bsp_usart.o(i.USART1_Init) refers to misc.o(i.NVIC_Init) for NVIC_Init
    bsp_usart.o(i.USART1_Init) refers to stm32f10x_usart.o(i.USART_DeInit) for USART_DeInit
    bsp_usart.o(i.USART1_Init) refers to stm32f10x_usart.o(i.USART_Init) for USART_Init
    bsp_usart.o(i.USART1_Init) refers to stm32f10x_usart.o(i.USART_ITConfig) for USART_ITConfig
    bsp_usart.o(i.USART1_Init) refers to stm32f10x_usart.o(i.USART_Cmd) for USART_Cmd
    bsp_usart.o(i.USART1_Init) refers to printf6.o(i.__0printf$6) for __2printf
    bsp_usart.o(i.USART1_Init) refers to bsp_usart.o(.bss) for xUSART
    bsp_usart.o(i.USART1_SendData) refers to bsp_usart.o(.data) for U1TxCount
    bsp_usart.o(i.USART1_SendData) refers to bsp_usart.o(.bss) for U1TxBuffer
    bsp_usart.o(i.USART1_SendString) refers to bsp_usart.o(i.USART1_SendData) for USART1_SendData
    bsp_usart.o(i.USART1_SendStringForDMA) refers to bsp_usart.o(.data) for Flag_DmaTxInit
    bsp_usart.o(i.USART2_GetBuffer) refers to memcpya.o(.text) for __aeabi_memcpy
    bsp_usart.o(i.USART2_GetBuffer) refers to bsp_usart.o(.bss) for xUSART
    bsp_usart.o(i.USART2_IRQHandler) refers to memcpya.o(.text) for __aeabi_memcpy
    bsp_usart.o(i.USART2_IRQHandler) refers to memseta.o(.text) for __aeabi_memclr
    bsp_usart.o(i.USART2_IRQHandler) refers to bsp_usart.o(.data) for cnt
    bsp_usart.o(i.USART2_IRQHandler) refers to bsp_usart.o(.bss) for RxTemp
    bsp_usart.o(i.USART2_Init) refers to stm32f10x_gpio.o(i.GPIO_Init) for GPIO_Init
    bsp_usart.o(i.USART2_Init) refers to misc.o(i.NVIC_Init) for NVIC_Init
    bsp_usart.o(i.USART2_Init) refers to stm32f10x_usart.o(i.USART_Init) for USART_Init
    bsp_usart.o(i.USART2_Init) refers to stm32f10x_usart.o(i.USART_ITConfig) for USART_ITConfig
    bsp_usart.o(i.USART2_Init) refers to stm32f10x_usart.o(i.USART_Cmd) for USART_Cmd
    bsp_usart.o(i.USART2_Init) refers to printf6.o(i.__0printf$6) for __2printf
    bsp_usart.o(i.USART2_Init) refers to bsp_usart.o(.bss) for xUSART
    bsp_usart.o(i.USART2_SendData) refers to bsp_usart.o(.data) for U2TxCount
    bsp_usart.o(i.USART2_SendData) refers to bsp_usart.o(.bss) for U2TxBuffer
    bsp_usart.o(i.USART2_SendString) refers to bsp_usart.o(i.USART2_SendData) for USART2_SendData
    bsp_usart.o(i.USART3_GetBuffer) refers to memcpya.o(.text) for __aeabi_memcpy
    bsp_usart.o(i.USART3_GetBuffer) refers to bsp_usart.o(.bss) for xUSART
    bsp_usart.o(i.USART3_IRQHandler) refers to memcpya.o(.text) for __aeabi_memcpy
    bsp_usart.o(i.USART3_IRQHandler) refers to memseta.o(.text) for __aeabi_memclr
    bsp_usart.o(i.USART3_IRQHandler) refers to bsp_usart.o(.data) for cnt
    bsp_usart.o(i.USART3_IRQHandler) refers to bsp_usart.o(.bss) for RxTemp
    bsp_usart.o(i.USART3_Init) refers to stm32f10x_gpio.o(i.GPIO_Init) for GPIO_Init
    bsp_usart.o(i.USART3_Init) refers to misc.o(i.NVIC_Init) for NVIC_Init
    bsp_usart.o(i.USART3_Init) refers to stm32f10x_usart.o(i.USART_DeInit) for USART_DeInit
[...]
    printf8.o(i._printf_core) refers to printf8.o(i._printf_post_padding) for _printf_post_padding
    printfa.o(i.__0fprintf) refers (Special) to iusefp.o(.text) for __I$use$fp
    printfa.o(i.__0fprintf) refers to printfa.o(i._printf_core) for _printf_core
    printfa.o(i.__0fprintf) refers to bsp_usart.o(i.fputc) for fputc
    printfa.o(i.__0printf) refers (Special) to iusefp.o(.text) for __I$use$fp
    printfa.o(i.__0printf) refers to printfa.o(i._printf_core) for _printf_core
    printfa.o(i.__0printf) refers to bsp_usart.o(i.fputc) for fputc
    printfa.o(i.__0printf) refers to bsp_usart.o(.data) for __stdout
    printfa.o(i.__0snprintf) refers (Special) to iusefp.o(.text) for __I$use$fp
    printfa.o(i.__0snprintf) refers to printfa.o(i._printf_core) for _printf_core
    printfa.o(i.__0snprintf) refers to printfa.o(i._snputc) for _snputc
    printfa.o(i.__0sprintf) refers (Special) to iusefp.o(.text) for __I$use$fp
    printfa.o(i.__0sprintf) refers to printfa.o(i._printf_core) for _printf_core
    printfa.o(i.__0sprintf) refers to printfa.o(i._sputc) for _sputc
    printfa.o(i.__0vfprintf) refers (Special) to iusefp.o(.text) for __I$use$fp
    printfa.o(i.__0vfprintf) refers to printfa.o(i._printf_core) for _printf_core
    printfa.o(i.__0vfprintf) refers to bsp_usart.o(i.fputc) for fputc
    printfa.o(i.__0vprintf) refers (Special) to iusefp.o(.text) for __I$use$fp
    printfa.o(i.__0vprintf) refers to printfa.o(i._printf_core) for _printf_core
    printfa.o(i.__0vprintf) refers to bsp_usart.o(i.fputc) for fputc
    printfa.o(i.__0vprintf) refers to bsp_usart.o(.data) for __stdout
    printfa.o(i.__0vsnprintf) refers (Special) to iusefp.o(.text) for __I$use$fp
    printfa.o(i.__0vsnprintf) refers to printfa.o(i._printf_core) for _printf_core
    printfa.o(i.__0vsnprintf) refers to printfa.o(i._snputc) for _snputc
    printfa.o(i.__0vsprintf) refers (Special) to iusefp.o(.text) for __I$use$fp
    printfa.o(i.__0vsprintf) refers to printfa.o(i._printf_core) for _printf_core
    printfa.o(i.__0vsprintf) refers to printfa.o(i._sputc) for _sputc
    printfa.o(i._fp_digits) refers (Special) to iusefp.o(.text) for __I$use$fp
    printfa.o(i._fp_digits) refers to dmul.o(.text) for __aeabi_dmul
    printfa.o(i._fp_digits) refers to ddiv.o(.text) for __aeabi_ddiv
    printfa.o(i._fp_digits) refers to cdrcmple.o(.text) for __aeabi_cdrcmple
    printfa.o(i._fp_digits) refers to dadd.o(.text) for __aeabi_dadd
    printfa.o(i._fp_digits) refers to dfixul.o(.text) for __aeabi_d2ulz
    printfa.o(i._fp_digits) refers to uldiv.o(.text) for __aeabi_uldivmod
    printfa.o(i._printf_core) refers (Special) to iusefp.o(.text) for __I$use$fp
    printfa.o(i._printf_core) refers to printfa.o(i._printf_pre_padding) for _printf_pre_padding
    printfa.o(i._printf_core) refers to uldiv.o(.text) for __aeabi_uldivmod
    printfa.o(i._printf_core) refers to printfa.o(i._printf_post_padding) for _printf_post_padding
    printfa.o(i._printf_core) refers to printfa.o(i._fp_digits) for _fp_digits
    printfa.o(i._printf_core) refers to uidiv.o(.text) for __aeabi_uidivmod
    printfa.o(i._printf_post_padding) refers (Special) to iusefp.o(.text) for __I$use$fp
    printfa.o(i._printf_pre_padding) refers (Special) to iusefp.o(.text) for __I$use$fp
    printfa.o(i._snputc) refers (Special) to iusefp.o(.text) for __I$use$fp
    printfa.o(i._sputc) refers (Special) to iusefp.o(.text) for __I$use$fp
    fadd.o(.text) refers (Special) to iusefp.o(.text) for __I$use$fp
    fadd.o(.text) refers to fepilogue.o(.text) for _float_epilogue
    fmul.o(.text) refers (Special) to iusefp.o(.text) for __I$use$fp
    ffltui.o(.text) refers (Special) to iusefp.o(.text) for __I$use$fp
    ffltui.o(.text) refers to fepilogue.o(.text) for _float_epilogue
    ffixui.o(.text) refers (Special) to iusefp.o(.text) for __I$use$fp
    entry2.o(.ARM.Collect$$$$00000001) refers to entry2.o(.ARM.Collect$$$$00002712) for __lit__00000000
    entry2.o(.ARM.Collect$$$$00002712) refers to startup_stm32f10x_md.o(STACK) for __initial_sp
    entry2.o(__vectab_stack_and_reset_area) refers to startup_stm32f10x_md.o(STACK) for __initial_sp
    entry2.o(__vectab_stack_and_reset_area) refers to entry.o(.ARM.Collect$$$$00000000) for __main
    entry5.o(.ARM.Collect$$$$00000004) refers to init.o(.text) for __scatterload
    entry9a.o(.ARM.Collect$$$$0000000B) refers to main.o(i.main) for main
    entry9b.o(.ARM.Collect$$$$0000000C) refers to main.o(i.main) for main
    uldiv.o(.text) refers to llushr.o(.text) for __aeabi_llsr
    uldiv.o(.text) refers to llshl.o(.text) for __aeabi_llsl
    dadd.o(.text) refers to llshl.o(.text) for __aeabi_llsl
    dadd.o(.text) refers to llsshr.o(.text) for __aeabi_lasr
    dadd.o(.text) refers to depilogue.o(.text) for _double_epilogue
    dmul.o(.text) refers to depilogue.o(.text) for _double_epilogue
    ddiv.o(.text) refers to depilogue.o(.text) for _double_round
    dfixul.o(.text) refers to llushr.o(.text) for __aeabi_llsr
    dfixul.o(.text) refers to llshl.o(.text) for __aeabi_llsl
    init.o(.text) refers to entry5.o(.ARM.Collect$$$$00000004) for __main_after_scatterload
    depilogue.o(.text) refers to llshl.o(.text) for __aeabi_llsl
    depilogue.o(.text) refers to llushr.o(.text) for __aeabi_llsr


==============================================================================

Removing Unused input sections from the image.

    Removing bsp_usart.o(i.USART1_GetBuffer), (52 bytes).
    Removing bsp_usart.o(i.USART1_SendData), (72 bytes).
    Removing bsp_usart.o(i.USART1_SendString), (32 bytes).
    Removing bsp_usart.o(i.USART1_SendStringForDMA), (184 bytes).
    Removing bsp_usart.o(i.USART2_GetBuffer), (60 bytes).
    Removing bsp_usart.o(i.USART2_Init), (284 bytes).
    Removing bsp_usart.o(i.USART2_SendData), (72 bytes).
    Removing bsp_usart.o(i.USART2_SendString), (32 bytes).
    Removing bsp_usart.o(i.USART3_GetBuffer), (60 bytes).
    Removing bsp_usart.o(i.USART3_Init), (292 bytes).
    Removing bsp_usart.o(i.USART3_SendData), (72 bytes).
    Removing bsp_usart.o(i.USART3_SendString), (32 bytes).
    Removing bsp_usart.o(i._sys_exit), (4 bytes).
    Removing bsp_lcd_st7735.o(i.LCD_Chinese32ForFile), (128 bytes).
    Removing bsp_lcd_st7735.o(i.LCD_Circle), (174 bytes).
    Removing bsp_lcd_st7735.o(i.LCD_Display), (28 bytes).
    Removing bsp_lcd_st7735.o(i.LCD_GUI), (240 bytes).
    Removing bsp_lcd_st7735.o(i.LCD_Line), (176 bytes).
    Removing system_f103.o(i.System_DelayMS), (52 bytes).
    Removing system_f103.o(i.System_DelayUS), (36 bytes).
    Removing system_f103.o(i.System_EXTISet), (312 bytes).
    Removing system_f103.o(i.System_GPIOSet), (360 bytes).
    Removing system_f103.o(i.System_GetSystemClock), (16 bytes).
    Removing system_f103.o(i.System_GetTimeInterval), (48 bytes).
    Removing system_f103.o(i.System_GetTimeMs), (12 bytes).
    Removing system_f103.o(i.System_GetTimeUs), (100 bytes).
    Removing system_f103.o(i.System_IntxDisable), (4 bytes).
    Removing system_f103.o(i.System_IntxEnable), (4 bytes).
    Removing system_f103.o(i.System_MCO1Init), (36 bytes).
    Removing system_f103.o(i.System_NVICSet), (120 bytes).
    Removing system_f103.o(i.System_ReadInteriorFlash), (64 bytes).
    Removing system_f103.o(i.System_Reset), (16 bytes).
    Removing system_f103.o(i.System_Standby), (76 bytes).
    Removing system_f103.o(i.System_SysTickInit), (120 bytes).
    Removing system_f103.o(i.System_TestRunTimes), (124 bytes).
    Removing system_f103.o(i.System_WriteInteriorFlash), (380 bytes).
    Removing system_f103.o(i.WFI_SET), (4 bytes).
    Removing system_f103.o(i.waitForFlashBSY), (36 bytes).
    Removing system_f103.o(.bss), (1090 bytes).
    Removing startup_stm32f10x_md.o(HEAP), (512 bytes).
    Removing core_cm3.o(.emb_text), (32 bytes).
    Removing system_stm32f10x.o(i.SystemCoreClockUpdate), (164 bytes).
    Removing system_stm32f10x.o(.data), (20 bytes).
    Removing misc.o(i.NVIC_SetVectorTable), (20 bytes).
    Removing misc.o(i.NVIC_SystemLPConfig), (32 bytes).
    Removing misc.o(i.SysTick_CLKSourceConfig), (40 bytes).
    Removing stm32f10x_adc.o(i.ADC_AnalogWatchdogCmd), (20 bytes).
    Removing stm32f10x_adc.o(i.ADC_AnalogWatchdogSingleChannelConfig), (16 bytes).
    Removing stm32f10x_adc.o(i.ADC_AnalogWatchdogThresholdsConfig), (6 bytes).
    Removing stm32f10x_adc.o(i.ADC_AutoInjectedConvCmd), (22 bytes).
    Removing stm32f10x_adc.o(i.ADC_ClearFlag), (6 bytes).
    Removing stm32f10x_adc.o(i.ADC_ClearITPendingBit), (10 bytes).
    Removing stm32f10x_adc.o(i.ADC_Cmd), (22 bytes).
    Removing stm32f10x_adc.o(i.ADC_DMACmd), (22 bytes).
    Removing stm32f10x_adc.o(i.ADC_DeInit), (92 bytes).
    Removing stm32f10x_adc.o(i.ADC_DiscModeChannelCountConfig), (24 bytes).
    Removing stm32f10x_adc.o(i.ADC_DiscModeCmd), (22 bytes).
    Removing stm32f10x_adc.o(i.ADC_ExternalTrigConvCmd), (22 bytes).
    Removing stm32f10x_adc.o(i.ADC_ExternalTrigInjectedConvCmd), (22 bytes).
    Removing stm32f10x_adc.o(i.ADC_ExternalTrigInjectedConvConfig), (16 bytes).
    Removing stm32f10x_adc.o(i.ADC_GetCalibrationStatus), (20 bytes).
    Removing stm32f10x_adc.o(i.ADC_GetConversionValue), (8 bytes).
    Removing stm32f10x_adc.o(i.ADC_GetDualModeConversionValue), (12 bytes).
    Removing stm32f10x_adc.o(i.ADC_GetFlagStatus), (18 bytes).
    Removing stm32f10x_adc.o(i.ADC_GetITStatus), (36 bytes).
    Removing stm32f10x_adc.o(i.ADC_GetInjectedConversionValue), (28 bytes).
    Removing stm32f10x_adc.o(i.ADC_GetResetCalibrationStatus), (20 bytes).
    Removing stm32f10x_adc.o(i.ADC_GetSoftwareStartConvStatus), (20 bytes).
    Removing stm32f10x_adc.o(i.ADC_GetSoftwareStartInjectedConvCmdStatus), (20 bytes).
    Removing stm32f10x_adc.o(i.ADC_ITConfig), (24 bytes).
    Removing stm32f10x_adc.o(i.ADC_Init), (80 bytes).
    Removing stm32f10x_adc.o(i.ADC_InjectedChannelConfig), (130 bytes).
    Removing stm32f10x_adc.o(i.ADC_InjectedDiscModeCmd), (22 bytes).
    Removing stm32f10x_adc.o(i.ADC_InjectedSequencerLengthConfig), (24 bytes).
    Removing stm32f10x_adc.o(i.ADC_RegularChannelConfig), (184 bytes).
    Removing stm32f10x_adc.o(i.ADC_ResetCalibration), (10 bytes).
    Removing stm32f10x_adc.o(i.ADC_SetInjectedOffset), (20 bytes).
    Removing stm32f10x_adc.o(i.ADC_SoftwareStartConvCmd), (22 bytes).
    Removing stm32f10x_adc.o(i.ADC_SoftwareStartInjectedConvCmd), (22 bytes).
    Removing stm32f10x_adc.o(i.ADC_StartCalibration), (10 bytes).
    Removing stm32f10x_adc.o(i.ADC_StructInit), (18 bytes).
    Removing stm32f10x_adc.o(i.ADC_TempSensorVrefintCmd), (36 bytes).
    Removing stm32f10x_bkp.o(i.BKP_ClearFlag), (20 bytes).
    Removing stm32f10x_bkp.o(i.BKP_ClearITPendingBit), (20 bytes).
    Removing stm32f10x_bkp.o(i.BKP_DeInit), (16 bytes).
    Removing stm32f10x_bkp.o(i.BKP_GetFlagStatus), (12 bytes).
    Removing stm32f10x_bkp.o(i.BKP_GetITStatus), (12 bytes).
    Removing stm32f10x_bkp.o(i.BKP_ITConfig), (12 bytes).
    Removing stm32f10x_bkp.o(i.BKP_RTCOutputConfig), (28 bytes).
    Removing stm32f10x_bkp.o(i.BKP_ReadBackupRegister), (28 bytes).
    Removing stm32f10x_bkp.o(i.BKP_SetRTCCalibrationValue), (28 bytes).
    Removing stm32f10x_bkp.o(i.BKP_TamperPinCmd), (12 bytes).
    Removing stm32f10x_bkp.o(i.BKP_TamperPinLevelConfig), (12 bytes).
    Removing stm32f10x_bkp.o(i.BKP_WriteBackupRegister), (28 bytes).
    Removing stm32f10x_can.o(i.CAN_CancelTransmit), (48 bytes).
    Removing stm32f10x_can.o(i.CAN_ClearFlag), (56 bytes).
    Removing stm32f10x_can.o(i.CAN_ClearITPendingBit), (168 bytes).
    Removing stm32f10x_can.o(i.CAN_DBGFreeze), (22 bytes).
    Removing stm32f10x_can.o(i.CAN_DeInit), (56 bytes).
    Removing stm32f10x_can.o(i.CAN_FIFORelease), (22 bytes).
    Removing stm32f10x_can.o(i.CAN_FilterInit), (264 bytes).
    Removing stm32f10x_can.o(i.CAN_GetFlagStatus), (120 bytes).
    Removing stm32f10x_can.o(i.CAN_GetITStatus), (288 bytes).
    Removing stm32f10x_can.o(i.CAN_GetLSBTransmitErrorCounter), (12 bytes).
    Removing stm32f10x_can.o(i.CAN_GetLastErrorCode), (12 bytes).
    Removing stm32f10x_can.o(i.CAN_GetReceiveErrorCounter), (10 bytes).
    Removing stm32f10x_can.o(i.CAN_ITConfig), (18 bytes).
    Removing stm32f10x_can.o(i.CAN_Init), (276 bytes).
    Removing stm32f10x_can.o(i.CAN_MessagePending), (30 bytes).
    Removing stm32f10x_can.o(i.CAN_OperatingModeRequest), (162 bytes).
    Removing stm32f10x_can.o(i.CAN_Receive), (240 bytes).
    Removing stm32f10x_can.o(i.CAN_SlaveStartBank), (52 bytes).
    Removing stm32f10x_can.o(i.CAN_Sleep), (30 bytes).
    Removing stm32f10x_can.o(i.CAN_StructInit), (32 bytes).
    Removing stm32f10x_can.o(i.CAN_TTComModeCmd), (118 bytes).
    Removing stm32f10x_can.o(i.CAN_Transmit), (294 bytes).
    Removing stm32f10x_can.o(i.CAN_TransmitStatus), (160 bytes).
    Removing stm32f10x_can.o(i.CAN_WakeUp), (48 bytes).
    Removing stm32f10x_can.o(i.CheckITStatus), (18 bytes).
    Removing stm32f10x_dac.o(i.DAC_Cmd), (40 bytes).
    Removing stm32f10x_dac.o(i.DAC_DMACmd), (44 bytes).
    Removing stm32f10x_dac.o(i.DAC_DeInit), (22 bytes).
    Removing stm32f10x_dac.o(i.DAC_DualSoftwareTriggerCmd), (36 bytes).
    Removing stm32f10x_dac.o(i.DAC_GetDataOutputValue), (36 bytes).
    Removing stm32f10x_dac.o(i.DAC_Init), (52 bytes).
    Removing stm32f10x_dac.o(i.DAC_SetChannel1Data), (32 bytes).
    Removing stm32f10x_dac.o(i.DAC_SetChannel2Data), (32 bytes).
    Removing stm32f10x_dac.o(i.DAC_SetDualChannelData), (36 bytes).
    Removing stm32f10x_dac.o(i.DAC_SoftwareTriggerCmd), (44 bytes).
    Removing stm32f10x_dac.o(i.DAC_StructInit), (12 bytes).
    Removing stm32f10x_dac.o(i.DAC_WaveGenerationCmd), (40 bytes).
    Removing stm32f10x_dbgmcu.o(i.DBGMCU_Config), (32 bytes).
    Removing stm32f10x_dbgmcu.o(i.DBGMCU_GetDEVID), (16 bytes).
    Removing stm32f10x_dbgmcu.o(i.DBGMCU_GetREVID), (12 bytes).
    Removing stm32f10x_dma.o(i.DMA_ClearFlag), (28 bytes).
    Removing stm32f10x_dma.o(i.DMA_ClearITPendingBit), (28 bytes).
    Removing stm32f10x_dma.o(i.DMA_Cmd), (24 bytes).
    Removing stm32f10x_dma.o(i.DMA_DeInit), (332 bytes).
    Removing stm32f10x_dma.o(i.DMA_GetCurrDataCounter), (8 bytes).
    Removing stm32f10x_dma.o(i.DMA_GetFlagStatus), (44 bytes).
    Removing stm32f10x_dma.o(i.DMA_GetITStatus), (44 bytes).
    Removing stm32f10x_dma.o(i.DMA_ITConfig), (18 bytes).
    Removing stm32f10x_dma.o(i.DMA_Init), (60 bytes).
    Removing stm32f10x_dma.o(i.DMA_SetCurrDataCounter), (4 bytes).
    Removing stm32f10x_dma.o(i.DMA_StructInit), (26 bytes).
    Removing stm32f10x_exti.o(i.EXTI_ClearFlag), (12 bytes).
    Removing stm32f10x_exti.o(i.EXTI_ClearITPendingBit), (12 bytes).
    Removing stm32f10x_exti.o(i.EXTI_DeInit), (36 bytes).
    Removing stm32f10x_exti.o(i.EXTI_GenerateSWInterrupt), (16 bytes).
    Removing stm32f10x_exti.o(i.EXTI_GetFlagStatus), (24 bytes).
    Removing stm32f10x_exti.o(i.EXTI_GetITStatus), (40 bytes).
    Removing stm32f10x_exti.o(i.EXTI_Init), (148 bytes).
    Removing stm32f10x_exti.o(i.EXTI_StructInit), (16 bytes).
    Removing stm32f10x_flash.o(i.FLASH_ClearFlag), (12 bytes).
    Removing stm32f10x_flash.o(i.FLASH_EnableWriteProtection), (196 bytes).
    Removing stm32f10x_flash.o(i.FLASH_EraseAllBank1Pages), (72 bytes).
    Removing stm32f10x_flash.o(i.FLASH_EraseAllPages), (72 bytes).
    Removing stm32f10x_flash.o(i.FLASH_EraseOptionBytes), (168 bytes).
    Removing stm32f10x_flash.o(i.FLASH_ErasePage), (76 bytes).
    Removing stm32f10x_flash.o(i.FLASH_GetBank1Status), (52 bytes).
    Removing stm32f10x_flash.o(i.FLASH_GetFlagStatus), (48 bytes).
    Removing stm32f10x_flash.o(i.FLASH_GetPrefetchBufferStatus), (24 bytes).
    Removing stm32f10x_flash.o(i.FLASH_GetReadOutProtectionStatus), (24 bytes).
    Removing stm32f10x_flash.o(i.FLASH_GetStatus), (52 bytes).
    Removing stm32f10x_flash.o(i.FLASH_GetUserOptionByte), (12 bytes).
    Removing stm32f10x_flash.o(i.FLASH_GetWriteProtectionOptionByte), (12 bytes).
    Removing stm32f10x_flash.o(i.FLASH_HalfCycleAccessCmd), (28 bytes).
    Removing stm32f10x_flash.o(i.FLASH_ITConfig), (32 bytes).
    Removing stm32f10x_flash.o(i.FLASH_Lock), (20 bytes).
    Removing stm32f10x_flash.o(i.FLASH_LockBank1), (20 bytes).
    Removing stm32f10x_flash.o(i.FLASH_PrefetchBufferCmd), (28 bytes).
    Removing stm32f10x_flash.o(i.FLASH_ProgramHalfWord), (64 bytes).
    Removing stm32f10x_flash.o(i.FLASH_ProgramOptionByteData), (84 bytes).
    Removing stm32f10x_flash.o(i.FLASH_ProgramWord), (108 bytes).
    Removing stm32f10x_flash.o(i.FLASH_ReadOutProtection), (172 bytes).
    Removing stm32f10x_flash.o(i.FLASH_SetLatency), (24 bytes).
    Removing stm32f10x_flash.o(i.FLASH_Unlock), (24 bytes).
    Removing stm32f10x_flash.o(i.FLASH_UnlockBank1), (24 bytes).
    Removing stm32f10x_flash.o(i.FLASH_UserOptionByteConfig), (104 bytes).
    Removing stm32f10x_flash.o(i.FLASH_WaitForLastBank1Operation), (38 bytes).
    Removing stm32f10x_flash.o(i.FLASH_WaitForLastOperation), (38 bytes).
    Removing stm32f10x_gpio.o(i.GPIO_AFIODeInit), (20 bytes).
    Removing stm32f10x_gpio.o(i.GPIO_DeInit), (200 bytes).
    Removing stm32f10x_gpio.o(i.GPIO_ETH_MediaInterfaceConfig), (12 bytes).
    Removing stm32f10x_gpio.o(i.GPIO_EXTILineConfig), (64 bytes).
    Removing stm32f10x_gpio.o(i.GPIO_EventOutputCmd), (12 bytes).
    Removing stm32f10x_gpio.o(i.GPIO_EventOutputConfig), (32 bytes).
    Removing stm32f10x_gpio.o(i.GPIO_PinLockConfig), (18 bytes).
    Removing stm32f10x_gpio.o(i.GPIO_PinRemapConfig), (144 bytes).
    Removing stm32f10x_gpio.o(i.GPIO_ReadInputData), (8 bytes).
    Removing stm32f10x_gpio.o(i.GPIO_ReadInputDataBit), (18 bytes).
    Removing stm32f10x_gpio.o(i.GPIO_ReadOutputData), (8 bytes).
    Removing stm32f10x_gpio.o(i.GPIO_ReadOutputDataBit), (18 bytes).
    Removing stm32f10x_gpio.o(i.GPIO_ResetBits), (4 bytes).
    Removing stm32f10x_gpio.o(i.GPIO_SetBits), (4 bytes).
    Removing stm32f10x_gpio.o(i.GPIO_StructInit), (16 bytes).
    Removing stm32f10x_gpio.o(i.GPIO_Write), (4 bytes).
    Removing stm32f10x_gpio.o(i.GPIO_WriteBit), (10 bytes).
    Removing stm32f10x_i2c.o(i.I2C_ARPCmd), (24 bytes).
    Removing stm32f10x_i2c.o(i.I2C_AcknowledgeConfig), (24 bytes).
    Removing stm32f10x_i2c.o(i.I2C_CalculatePEC), (24 bytes).
    Removing stm32f10x_i2c.o(i.I2C_CheckEvent), (42 bytes).
    Removing stm32f10x_i2c.o(i.I2C_ClearFlag), (12 bytes).
    Removing stm32f10x_i2c.o(i.I2C_ClearITPendingBit), (12 bytes).
    Removing stm32f10x_i2c.o(i.I2C_Cmd), (24 bytes).
    Removing stm32f10x_i2c.o(i.I2C_DMACmd), (24 bytes).
    Removing stm32f10x_i2c.o(i.I2C_DMALastTransferCmd), (24 bytes).
    Removing stm32f10x_i2c.o(i.I2C_DeInit), (56 bytes).
    Removing stm32f10x_i2c.o(i.I2C_DualAddressCmd), (24 bytes).
    Removing stm32f10x_i2c.o(i.I2C_FastModeDutyCycleConfig), (28 bytes).
    Removing stm32f10x_i2c.o(i.I2C_GeneralCallCmd), (24 bytes).
    Removing stm32f10x_i2c.o(i.I2C_GenerateSTART), (24 bytes).
    Removing stm32f10x_i2c.o(i.I2C_GenerateSTOP), (24 bytes).
    Removing stm32f10x_i2c.o(i.I2C_GetFlagStatus), (58 bytes).
    Removing stm32f10x_i2c.o(i.I2C_GetITStatus), (38 bytes).
    Removing stm32f10x_i2c.o(i.I2C_GetLastEvent), (26 bytes).
    Removing stm32f10x_i2c.o(i.I2C_GetPEC), (8 bytes).
    Removing stm32f10x_i2c.o(i.I2C_ITConfig), (18 bytes).
    Removing stm32f10x_i2c.o(i.I2C_Init), (236 bytes).
    Removing stm32f10x_i2c.o(i.I2C_NACKPositionConfig), (28 bytes).
    Removing stm32f10x_i2c.o(i.I2C_OwnAddress2Config), (22 bytes).
    Removing stm32f10x_i2c.o(i.I2C_PECPositionConfig), (28 bytes).
    Removing stm32f10x_i2c.o(i.I2C_ReadRegister), (22 bytes).
    Removing stm32f10x_i2c.o(i.I2C_ReceiveData), (8 bytes).
    Removing stm32f10x_i2c.o(i.I2C_SMBusAlertConfig), (28 bytes).
    Removing stm32f10x_i2c.o(i.I2C_Send7bitAddress), (18 bytes).
    Removing stm32f10x_i2c.o(i.I2C_SendData), (4 bytes).
    Removing stm32f10x_i2c.o(i.I2C_SoftwareResetCmd), (22 bytes).
    Removing stm32f10x_i2c.o(i.I2C_StretchClockCmd), (24 bytes).
    Removing stm32f10x_i2c.o(i.I2C_StructInit), (30 bytes).
    Removing stm32f10x_i2c.o(i.I2C_TransmitPEC), (24 bytes).
    Removing stm32f10x_iwdg.o(i.IWDG_Enable), (16 bytes).
    Removing stm32f10x_iwdg.o(i.IWDG_GetFlagStatus), (24 bytes).
    Removing stm32f10x_iwdg.o(i.IWDG_ReloadCounter), (16 bytes).
    Removing stm32f10x_iwdg.o(i.IWDG_SetPrescaler), (12 bytes).
    Removing stm32f10x_iwdg.o(i.IWDG_SetReload), (12 bytes).
    Removing stm32f10x_iwdg.o(i.IWDG_WriteAccessCmd), (12 bytes).
    Removing stm32f10x_pwr.o(i.PWR_BackupAccessCmd), (12 bytes).
    Removing stm32f10x_pwr.o(i.PWR_ClearFlag), (20 bytes).
    Removing stm32f10x_pwr.o(i.PWR_DeInit), (22 bytes).
    Removing stm32f10x_pwr.o(i.PWR_EnterSTANDBYMode), (52 bytes).
    Removing stm32f10x_pwr.o(i.PWR_EnterSTOPMode), (64 bytes).
    Removing stm32f10x_pwr.o(i.PWR_GetFlagStatus), (24 bytes).
    Removing stm32f10x_pwr.o(i.PWR_PVDCmd), (12 bytes).
    Removing stm32f10x_pwr.o(i.PWR_PVDLevelConfig), (24 bytes).
    Removing stm32f10x_pwr.o(i.PWR_WakeUpPinCmd), (12 bytes).
    Removing stm32f10x_rcc.o(i.RCC_ADCCLKConfig), (24 bytes).
    Removing stm32f10x_rcc.o(i.RCC_AHBPeriphClockCmd), (32 bytes).
    Removing stm32f10x_rcc.o(i.RCC_APB1PeriphClockCmd), (32 bytes).
    Removing stm32f10x_rcc.o(i.RCC_AdjustHSICalibrationValue), (24 bytes).
    Removing stm32f10x_rcc.o(i.RCC_BackupResetCmd), (12 bytes).
    Removing stm32f10x_rcc.o(i.RCC_ClearFlag), (20 bytes).
    Removing stm32f10x_rcc.o(i.RCC_ClearITPendingBit), (12 bytes).
    Removing stm32f10x_rcc.o(i.RCC_ClockSecuritySystemCmd), (12 bytes).
    Removing stm32f10x_rcc.o(i.RCC_DeInit), (76 bytes).
    Removing stm32f10x_rcc.o(i.RCC_GetFlagStatus), (60 bytes).
    Removing stm32f10x_rcc.o(i.RCC_GetITStatus), (24 bytes).
    Removing stm32f10x_rcc.o(i.RCC_GetSYSCLKSource), (16 bytes).
    Removing stm32f10x_rcc.o(i.RCC_HCLKConfig), (24 bytes).
    Removing stm32f10x_rcc.o(i.RCC_HSEConfig), (76 bytes).
    Removing stm32f10x_rcc.o(i.RCC_HSICmd), (12 bytes).
    Removing stm32f10x_rcc.o(i.RCC_ITConfig), (32 bytes).
    Removing stm32f10x_rcc.o(i.RCC_LSEConfig), (52 bytes).
    Removing stm32f10x_rcc.o(i.RCC_LSICmd), (12 bytes).
    Removing stm32f10x_rcc.o(i.RCC_MCOConfig), (12 bytes).
    Removing stm32f10x_rcc.o(i.RCC_PCLK1Config), (24 bytes).
    Removing stm32f10x_rcc.o(i.RCC_PCLK2Config), (24 bytes).
    Removing stm32f10x_rcc.o(i.RCC_PLLCmd), (12 bytes).
    Removing stm32f10x_rcc.o(i.RCC_PLLConfig), (28 bytes).
    Removing stm32f10x_rcc.o(i.RCC_RTCCLKCmd), (12 bytes).
    Removing stm32f10x_rcc.o(i.RCC_RTCCLKConfig), (16 bytes).
    Removing stm32f10x_rcc.o(i.RCC_SYSCLKConfig), (24 bytes).
    Removing stm32f10x_rcc.o(i.RCC_USBCLKConfig), (12 bytes).
    Removing stm32f10x_rcc.o(i.RCC_WaitForHSEStartUp), (56 bytes).
    Removing stm32f10x_rtc.o(i.RTC_ClearFlag), (16 bytes).
    Removing stm32f10x_rtc.o(i.RTC_ClearITPendingBit), (16 bytes).
    Removing stm32f10x_rtc.o(i.RTC_EnterConfigMode), (20 bytes).
    Removing stm32f10x_rtc.o(i.RTC_ExitConfigMode), (20 bytes).
    Removing stm32f10x_rtc.o(i.RTC_GetCounter), (20 bytes).
    Removing stm32f10x_rtc.o(i.RTC_GetDivider), (24 bytes).
    Removing stm32f10x_rtc.o(i.RTC_GetFlagStatus), (24 bytes).
    Removing stm32f10x_rtc.o(i.RTC_GetITStatus), (36 bytes).
    Removing stm32f10x_rtc.o(i.RTC_ITConfig), (32 bytes).
    Removing stm32f10x_rtc.o(i.RTC_SetAlarm), (28 bytes).
    Removing stm32f10x_rtc.o(i.RTC_SetCounter), (28 bytes).
    Removing stm32f10x_rtc.o(i.RTC_SetPrescaler), (32 bytes).
    Removing stm32f10x_rtc.o(i.RTC_WaitForLastTask), (20 bytes).
    Removing stm32f10x_rtc.o(i.RTC_WaitForSynchro), (36 bytes).
    Removing stm32f10x_sdio.o(i.SDIO_CEATAITCmd), (16 bytes).
    Removing stm32f10x_sdio.o(i.SDIO_ClearFlag), (12 bytes).
    Removing stm32f10x_sdio.o(i.SDIO_ClearITPendingBit), (12 bytes).
    Removing stm32f10x_sdio.o(i.SDIO_ClockCmd), (12 bytes).
    Removing stm32f10x_sdio.o(i.SDIO_CmdStructInit), (14 bytes).
    Removing stm32f10x_sdio.o(i.SDIO_CommandCompletionCmd), (12 bytes).
    Removing stm32f10x_sdio.o(i.SDIO_DMACmd), (12 bytes).
    Removing stm32f10x_sdio.o(i.SDIO_DataConfig), (48 bytes).
    Removing stm32f10x_sdio.o(i.SDIO_DataStructInit), (20 bytes).
    Removing stm32f10x_sdio.o(i.SDIO_DeInit), (36 bytes).
    Removing stm32f10x_sdio.o(i.SDIO_GetCommandResponse), (12 bytes).
    Removing stm32f10x_sdio.o(i.SDIO_GetDataCounter), (12 bytes).
    Removing stm32f10x_sdio.o(i.SDIO_GetFIFOCount), (12 bytes).
    Removing stm32f10x_sdio.o(i.SDIO_GetFlagStatus), (24 bytes).
    Removing stm32f10x_sdio.o(i.SDIO_GetITStatus), (24 bytes).
    Removing stm32f10x_sdio.o(i.SDIO_GetPowerState), (16 bytes).
    Removing stm32f10x_sdio.o(i.SDIO_GetResponse), (24 bytes).
    Removing stm32f10x_sdio.o(i.SDIO_ITConfig), (32 bytes).
    Removing stm32f10x_sdio.o(i.SDIO_Init), (48 bytes).
    Removing stm32f10x_sdio.o(i.SDIO_ReadData), (12 bytes).
    Removing stm32f10x_sdio.o(i.SDIO_SendCEATACmd), (12 bytes).
    Removing stm32f10x_sdio.o(i.SDIO_SendCommand), (44 bytes).
    Removing stm32f10x_sdio.o(i.SDIO_SendSDIOSuspendCmd), (12 bytes).
    Removing stm32f10x_sdio.o(i.SDIO_SetPowerState), (28 bytes).
    Removing stm32f10x_sdio.o(i.SDIO_SetSDIOOperation), (12 bytes).
    Removing stm32f10x_sdio.o(i.SDIO_SetSDIOReadWaitMode), (12 bytes).
    Removing stm32f10x_sdio.o(i.SDIO_StartSDIOReadWait), (12 bytes).
    Removing stm32f10x_sdio.o(i.SDIO_StopSDIOReadWait), (12 bytes).
    Removing stm32f10x_sdio.o(i.SDIO_StructInit), (16 bytes).
    Removing stm32f10x_sdio.o(i.SDIO_WriteData), (12 bytes).
    Removing stm32f10x_spi.o(i.I2S_Cmd), (24 bytes).
    Removing stm32f10x_spi.o(i.I2S_Init), (232 bytes).
    Removing stm32f10x_spi.o(i.I2S_StructInit), (20 bytes).
    Removing stm32f10x_spi.o(i.SPI_BiDirectionalLineConfig), (28 bytes).
    Removing stm32f10x_spi.o(i.SPI_CalculateCRC), (24 bytes).
    Removing stm32f10x_spi.o(i.SPI_DataSizeConfig), (18 bytes).
    Removing stm32f10x_spi.o(i.SPI_GetCRC), (16 bytes).
    Removing stm32f10x_spi.o(i.SPI_GetCRCPolynomial), (6 bytes).
    Removing stm32f10x_spi.o(i.SPI_I2S_ClearFlag), (6 bytes).
    Removing stm32f10x_spi.o(i.SPI_I2S_ClearITPendingBit), (20 bytes).
    Removing stm32f10x_spi.o(i.SPI_I2S_DMACmd), (18 bytes).
    Removing stm32f10x_spi.o(i.SPI_I2S_DeInit), (88 bytes).
    Removing stm32f10x_spi.o(i.SPI_I2S_GetFlagStatus), (18 bytes).
    Removing stm32f10x_spi.o(i.SPI_I2S_GetITStatus), (52 bytes).
    Removing stm32f10x_spi.o(i.SPI_I2S_ITConfig), (32 bytes).
    Removing stm32f10x_spi.o(i.SPI_I2S_ReceiveData), (6 bytes).
    Removing stm32f10x_spi.o(i.SPI_I2S_SendData), (4 bytes).
    Removing stm32f10x_spi.o(i.SPI_NSSInternalSoftwareConfig), (30 bytes).
    Removing stm32f10x_spi.o(i.SPI_SSOutputCmd), (24 bytes).
    Removing stm32f10x_spi.o(i.SPI_StructInit), (24 bytes).
    Removing stm32f10x_spi.o(i.SPI_TransmitCRC), (10 bytes).
    Removing stm32f10x_tim.o(i.TI1_Config), (128 bytes).
    Removing stm32f10x_tim.o(i.TI2_Config), (152 bytes).
    Removing stm32f10x_tim.o(i.TI3_Config), (144 bytes).
    Removing stm32f10x_tim.o(i.TI4_Config), (152 bytes).
    Removing stm32f10x_tim.o(i.TIM_ARRPreloadConfig), (24 bytes).
    Removing stm32f10x_tim.o(i.TIM_BDTRConfig), (32 bytes).
    Removing stm32f10x_tim.o(i.TIM_BDTRStructInit), (18 bytes).
    Removing stm32f10x_tim.o(i.TIM_CCPreloadControl), (24 bytes).
    Removing stm32f10x_tim.o(i.TIM_CCxCmd), (30 bytes).
    Removing stm32f10x_tim.o(i.TIM_CCxNCmd), (30 bytes).
    Removing stm32f10x_tim.o(i.TIM_ClearFlag), (6 bytes).
    Removing stm32f10x_tim.o(i.TIM_ClearITPendingBit), (6 bytes).
    Removing stm32f10x_tim.o(i.TIM_ClearOC1Ref), (18 bytes).
    Removing stm32f10x_tim.o(i.TIM_ClearOC2Ref), (24 bytes).
    Removing stm32f10x_tim.o(i.TIM_ClearOC3Ref), (18 bytes).
    Removing stm32f10x_tim.o(i.TIM_ClearOC4Ref), (24 bytes).
    Removing stm32f10x_tim.o(i.TIM_Cmd), (24 bytes).
    Removing stm32f10x_tim.o(i.TIM_CounterModeConfig), (18 bytes).
    Removing stm32f10x_tim.o(i.TIM_CtrlPWMOutputs), (30 bytes).
    Removing stm32f10x_tim.o(i.TIM_DMACmd), (18 bytes).
    Removing stm32f10x_tim.o(i.TIM_DMAConfig), (10 bytes).
    Removing stm32f10x_tim.o(i.TIM_DeInit), (488 bytes).
    Removing stm32f10x_tim.o(i.TIM_ETRClockMode1Config), (54 bytes).
    Removing stm32f10x_tim.o(i.TIM_ETRClockMode2Config), (32 bytes).
    Removing stm32f10x_tim.o(i.TIM_ETRConfig), (28 bytes).
    Removing stm32f10x_tim.o(i.TIM_EncoderInterfaceConfig), (66 bytes).
    Removing stm32f10x_tim.o(i.TIM_ForcedOC1Config), (18 bytes).
    Removing stm32f10x_tim.o(i.TIM_ForcedOC2Config), (26 bytes).
    Removing stm32f10x_tim.o(i.TIM_ForcedOC3Config), (18 bytes).
    Removing stm32f10x_tim.o(i.TIM_ForcedOC4Config), (26 bytes).
    Removing stm32f10x_tim.o(i.TIM_GenerateEvent), (4 bytes).
    Removing stm32f10x_tim.o(i.TIM_GetCapture1), (6 bytes).
    Removing stm32f10x_tim.o(i.TIM_GetCapture2), (6 bytes).
    Removing stm32f10x_tim.o(i.TIM_GetCapture3), (6 bytes).
    Removing stm32f10x_tim.o(i.TIM_GetCapture4), (8 bytes).
    Removing stm32f10x_tim.o(i.TIM_GetCounter), (6 bytes).
    Removing stm32f10x_tim.o(i.TIM_GetFlagStatus), (18 bytes).
    Removing stm32f10x_tim.o(i.TIM_GetITStatus), (34 bytes).
    Removing stm32f10x_tim.o(i.TIM_GetPrescaler), (6 bytes).
    Removing stm32f10x_tim.o(i.TIM_ICInit), (172 bytes).
    Removing stm32f10x_tim.o(i.TIM_ICStructInit), (18 bytes).
    Removing stm32f10x_tim.o(i.TIM_ITConfig), (18 bytes).
    Removing stm32f10x_tim.o(i.TIM_ITRxExternalClockConfig), (24 bytes).
    Removing stm32f10x_tim.o(i.TIM_InternalClockConfig), (12 bytes).
    Removing stm32f10x_tim.o(i.TIM_OC1FastConfig), (18 bytes).
    Removing stm32f10x_tim.o(i.TIM_OC1Init), (152 bytes).
    Removing stm32f10x_tim.o(i.TIM_OC1NPolarityConfig), (18 bytes).
    Removing stm32f10x_tim.o(i.TIM_OC1PolarityConfig), (18 bytes).
    Removing stm32f10x_tim.o(i.TIM_OC1PreloadConfig), (18 bytes).
    Removing stm32f10x_tim.o(i.TIM_OC2FastConfig), (26 bytes).
    Removing stm32f10x_tim.o(i.TIM_OC2Init), (164 bytes).
    Removing stm32f10x_tim.o(i.TIM_OC2NPolarityConfig), (26 bytes).
    Removing stm32f10x_tim.o(i.TIM_OC2PolarityConfig), (26 bytes).
    Removing stm32f10x_tim.o(i.TIM_OC2PreloadConfig), (26 bytes).
    Removing stm32f10x_tim.o(i.TIM_OC3FastConfig), (18 bytes).
    Removing stm32f10x_tim.o(i.TIM_OC3Init), (160 bytes).
    Removing stm32f10x_tim.o(i.TIM_OC3NPolarityConfig), (26 bytes).
    Removing stm32f10x_tim.o(i.TIM_OC3PolarityConfig), (26 bytes).
    Removing stm32f10x_tim.o(i.TIM_OC3PreloadConfig), (18 bytes).
    Removing stm32f10x_tim.o(i.TIM_OC4FastConfig), (26 bytes).
    Removing stm32f10x_tim.o(i.TIM_OC4Init), (124 bytes).
    Removing stm32f10x_tim.o(i.TIM_OC4PolarityConfig), (26 bytes).
    Removing stm32f10x_tim.o(i.TIM_OC4PreloadConfig), (26 bytes).
    Removing stm32f10x_tim.o(i.TIM_OCStructInit), (20 bytes).
    Removing stm32f10x_tim.o(i.TIM_PWMIConfig), (124 bytes).
    Removing stm32f10x_tim.o(i.TIM_PrescalerConfig), (6 bytes).
    Removing stm32f10x_tim.o(i.TIM_SelectCCDMA), (24 bytes).
    Removing stm32f10x_tim.o(i.TIM_SelectCOM), (24 bytes).
    Removing stm32f10x_tim.o(i.TIM_SelectHallSensor), (24 bytes).
    Removing stm32f10x_tim.o(i.TIM_SelectInputTrigger), (18 bytes).
    Removing stm32f10x_tim.o(i.TIM_SelectMasterSlaveMode), (18 bytes).
    Removing stm32f10x_tim.o(i.TIM_SelectOCxM), (82 bytes).
    Removing stm32f10x_tim.o(i.TIM_SelectOnePulseMode), (18 bytes).
    Removing stm32f10x_tim.o(i.TIM_SelectOutputTrigger), (18 bytes).
    Removing stm32f10x_tim.o(i.TIM_SelectSlaveMode), (18 bytes).
    Removing stm32f10x_tim.o(i.TIM_SetAutoreload), (4 bytes).
    Removing stm32f10x_tim.o(i.TIM_SetClockDivision), (18 bytes).
    Removing stm32f10x_tim.o(i.TIM_SetCompare1), (4 bytes).
    Removing stm32f10x_tim.o(i.TIM_SetCompare2), (4 bytes).
    Removing stm32f10x_tim.o(i.TIM_SetCompare3), (4 bytes).
    Removing stm32f10x_tim.o(i.TIM_SetCompare4), (6 bytes).
    Removing stm32f10x_tim.o(i.TIM_SetCounter), (4 bytes).
    Removing stm32f10x_tim.o(i.TIM_SetIC1Prescaler), (18 bytes).
    Removing stm32f10x_tim.o(i.TIM_SetIC2Prescaler), (26 bytes).
    Removing stm32f10x_tim.o(i.TIM_SetIC3Prescaler), (18 bytes).
    Removing stm32f10x_tim.o(i.TIM_SetIC4Prescaler), (26 bytes).
    Removing stm32f10x_tim.o(i.TIM_TIxExternalClockConfig), (62 bytes).
    Removing stm32f10x_tim.o(i.TIM_TimeBaseInit), (164 bytes).
    Removing stm32f10x_tim.o(i.TIM_TimeBaseStructInit), (18 bytes).
    Removing stm32f10x_tim.o(i.TIM_UpdateDisableConfig), (24 bytes).
    Removing stm32f10x_tim.o(i.TIM_UpdateRequestConfig), (24 bytes).
    Removing stm32f10x_usart.o(i.USART_ClearFlag), (18 bytes).
    Removing stm32f10x_usart.o(i.USART_ClearITPendingBit), (30 bytes).
    Removing stm32f10x_usart.o(i.USART_ClockInit), (34 bytes).
    Removing stm32f10x_usart.o(i.USART_ClockStructInit), (12 bytes).
    Removing stm32f10x_usart.o(i.USART_DMACmd), (18 bytes).
    Removing stm32f10x_usart.o(i.USART_GetFlagStatus), (26 bytes).
    Removing stm32f10x_usart.o(i.USART_GetITStatus), (84 bytes).
    Removing stm32f10x_usart.o(i.USART_HalfDuplexCmd), (24 bytes).
    Removing stm32f10x_usart.o(i.USART_IrDACmd), (24 bytes).
    Removing stm32f10x_usart.o(i.USART_IrDAConfig), (18 bytes).
    Removing stm32f10x_usart.o(i.USART_LINBreakDetectLengthConfig), (18 bytes).
    Removing stm32f10x_usart.o(i.USART_LINCmd), (24 bytes).
    Removing stm32f10x_usart.o(i.USART_OneBitMethodCmd), (24 bytes).
    Removing stm32f10x_usart.o(i.USART_OverSampling8Cmd), (22 bytes).
    Removing stm32f10x_usart.o(i.USART_ReceiveData), (10 bytes).
    Removing stm32f10x_usart.o(i.USART_ReceiverWakeUpCmd), (24 bytes).
    Removing stm32f10x_usart.o(i.USART_SendBreak), (10 bytes).
    Removing stm32f10x_usart.o(i.USART_SendData), (8 bytes).
    Removing stm32f10x_usart.o(i.USART_SetAddress), (18 bytes).
    Removing stm32f10x_usart.o(i.USART_SetGuardTime), (16 bytes).
    Removing stm32f10x_usart.o(i.USART_SetPrescaler), (16 bytes).
    Removing stm32f10x_usart.o(i.USART_SmartCardCmd), (24 bytes).
    Removing stm32f10x_usart.o(i.USART_SmartCardNACKCmd), (24 bytes).
    Removing stm32f10x_usart.o(i.USART_StructInit), (24 bytes).
    Removing stm32f10x_usart.o(i.USART_WakeUpConfig), (18 bytes).
    Removing stm32f10x_wwdg.o(i.WWDG_ClearFlag), (12 bytes).
    Removing stm32f10x_wwdg.o(i.WWDG_DeInit), (22 bytes).
    Removing stm32f10x_wwdg.o(i.WWDG_Enable), (16 bytes).
    Removing stm32f10x_wwdg.o(i.WWDG_EnableIT), (12 bytes).
    Removing stm32f10x_wwdg.o(i.WWDG_GetFlagStatus), (12 bytes).
    Removing stm32f10x_wwdg.o(i.WWDG_SetCounter), (16 bytes).
    Removing stm32f10x_wwdg.o(i.WWDG_SetPrescaler), (24 bytes).
    Removing stm32f10x_wwdg.o(i.WWDG_SetWindowValue), (40 bytes).
    Removing fadd.o(.text), (176 bytes).
    Removing fmul.o(.text), (100 bytes).
    Removing ffltui.o(.text), (10 bytes).
    Removing ffixui.o(.text), (40 bytes).
    Removing fepilogue.o(.text), (110 bytes).
    Removing dadd.o(.text), (334 bytes).
    Removing dmul.o(.text), (228 bytes).
    Removing ddiv.o(.text), (222 bytes).
    Removing dfixul.o(.text), (48 bytes).
    Removing cdrcmple.o(.text), (48 bytes).
    Removing depilogue.o(.text), (186 bytes).

474 unused section(s) (total 23120 bytes) removed from the image.

==============================================================================

Image Symbol Table

    Local Symbols

    Symbol Name                              Value     Ov Type        Size  Object(Section)

    ../clib/microlib/division.c              0x00000000   Number         0  uldiv.o ABSOLUTE
    ../clib/microlib/division.c              0x00000000   Number         0  uidiv.o ABSOLUTE
    ../clib/microlib/init/entry.s            0x00000000   Number         0  entry12a.o ABSOLUTE
    ../clib/microlib/init/entry.s            0x00000000   Number         0  entry8b.o ABSOLUTE
    ../clib/microlib/init/entry.s            0x00000000   Number         0  entry8a.o ABSOLUTE
    ../clib/microlib/init/entry.s            0x00000000   Number         0  entry7b.o ABSOLUTE
    ../clib/microlib/init/entry.s            0x00000000   Number         0  entry7a.o ABSOLUTE
    ../clib/microlib/init/entry.s            0x00000000   Number         0  entry10b.o ABSOLUTE
    ../clib/microlib/init/entry.s            0x00000000   Number         0  entry5.o ABSOLUTE
    ../clib/microlib/init/entry.s            0x00000000   Number         0  entry9b.o ABSOLUTE
    ../clib/microlib/init/entry.s            0x00000000   Number         0  entry9a.o ABSOLUTE
    ../clib/microlib/init/entry.s            0x00000000   Number         0  entry.o ABSOLUTE
    ../clib/microlib/init/entry.s            0x00000000   Number         0  entry12b.o ABSOLUTE
    ../clib/microlib/init/entry.s            0x00000000   Number         0  entry2.o ABSOLUTE
    ../clib/microlib/init/entry.s            0x00000000   Number         0  entry10a.o ABSOLUTE
    ../clib/microlib/init/entry.s            0x00000000   Number         0  entry11b.o ABSOLUTE
    ../clib/microlib/init/entry.s            0x00000000   Number         0  entry11a.o ABSOLUTE
    ../clib/microlib/longlong.c              0x00000000   Number         0  llsshr.o ABSOLUTE
    ../clib/microlib/longlong.c              0x00000000   Number         0  llushr.o ABSOLUTE
    ../clib/microlib/longlong.c              0x00000000   Number         0  llshl.o ABSOLUTE
    ../clib/microlib/printf/printf.c         0x00000000   Number         0  printf3.o ABSOLUTE
    ../clib/microlib/printf/printf.c         0x00000000   Number         0  printf2.o ABSOLUTE
    ../clib/microlib/printf/printf.c         0x00000000   Number         0  printfa.o ABSOLUTE
    ../clib/microlib/printf/printf.c         0x00000000   Number         0  printf1.o ABSOLUTE
    ../clib/microlib/printf/printf.c         0x00000000   Number         0  printf0.o ABSOLUTE
    ../clib/microlib/printf/printf.c         0x00000000   Number         0  printfb.o ABSOLUTE
    ../clib/microlib/printf/printf.c         0x00000000   Number         0  printf8.o ABSOLUTE
    ../clib/microlib/printf/printf.c         0x00000000   Number         0  printf7.o ABSOLUTE
    ../clib/microlib/printf/printf.c         0x00000000   Number         0  printf6.o ABSOLUTE
    ../clib/microlib/printf/printf.c         0x00000000   Number         0  printf5.o ABSOLUTE
    ../clib/microlib/printf/printf.c         0x00000000   Number         0  printf4.o ABSOLUTE
    ../clib/microlib/printf/stubs.s          0x00000000   Number         0  stubs.o ABSOLUTE
    ../clib/microlib/string/memcpy.c         0x00000000   Number         0  memcpyb.o ABSOLUTE
    ../clib/microlib/string/memcpy.c         0x00000000   Number         0  memcpya.o ABSOLUTE
    ../clib/microlib/string/memset.c         0x00000000   Number         0  memseta.o ABSOLUTE
    ../clib/microlib/stubs.s                 0x00000000   Number         0  iusefp.o ABSOLUTE
    ../clib/microlib/stubs.s                 0x00000000   Number         0  useno.o ABSOLUTE
    ../fplib/microlib/fpadd.c                0x00000000   Number         0  dadd.o ABSOLUTE
    ../fplib/microlib/fpadd.c                0x00000000   Number         0  fadd.o ABSOLUTE
    ../fplib/microlib/fpdiv.c                0x00000000   Number         0  ddiv.o ABSOLUTE
    ../fplib/microlib/fpepilogue.c           0x00000000   Number         0  depilogue.o ABSOLUTE
    ../fplib/microlib/fpepilogue.c           0x00000000   Number         0  fepilogue.o ABSOLUTE
    ../fplib/microlib/fpfix.c                0x00000000   Number         0  dfixul.o ABSOLUTE
    ../fplib/microlib/fpfix.c                0x00000000   Number         0  ffixui.o ABSOLUTE
    ../fplib/microlib/fpflt.c                0x00000000   Number         0  ffltui.o ABSOLUTE
    ../fplib/microlib/fpmul.c                0x00000000   Number         0  dmul.o ABSOLUTE
    ../fplib/microlib/fpmul.c                0x00000000   Number         0  fmul.o ABSOLUTE
    ..\Libraries\CMSIS\core_cm3.c            0x00000000   Number         0  core_cm3.o ABSOLUTE
    ..\Libraries\CMSIS\startup\startup_stm32f10x_md.s 0x00000000   Number         0  startup_stm32f10x_md.o ABSOLUTE
    ..\Libraries\CMSIS\system_stm32f10x.c    0x00000000   Number         0  system_stm32f10x.o ABSOLUTE
    ..\Libraries\FWlib\src\misc.c            0x00000000   Number         0  misc.o ABSOLUTE
    ..\Libraries\FWlib\src\stm32f10x_adc.c   0x00000000   Number         0  stm32f10x_adc.o ABSOLUTE
    ..\Libraries\FWlib\src\stm32f10x_bkp.c   0x00000000   Number         0  stm32f10x_bkp.o ABSOLUTE
    ..\Libraries\FWlib\src\stm32f10x_can.c   0x00000000   Number         0  stm32f10x_can.o ABSOLUTE
    ..\Libraries\FWlib\src\stm32f10x_dac.c   0x00000000   Number         0  stm32f10x_dac.o ABSOLUTE
    ..\Libraries\FWlib\src\stm32f10x_dbgmcu.c 0x00000000   Number         0  stm32f10x_dbgmcu.o ABSOLUTE
    ..\Libraries\FWlib\src\stm32f10x_dma.c   0x00000000   Number         0  stm32f10x_dma.o ABSOLUTE
    ..\Libraries\FWlib\src\stm32f10x_exti.c  0x00000000   Number         0  stm32f10x_exti.o ABSOLUTE
    ..\Libraries\FWlib\src\stm32f10x_flash.c 0x00000000   Number         0  stm32f10x_flash.o ABSOLUTE
    ..\Libraries\FWlib\src\stm32f10x_gpio.c  0x00000000   Number         0  stm32f10x_gpio.o ABSOLUTE
    ..\Libraries\FWlib\src\stm32f10x_i2c.c   0x00000000   Number         0  stm32f10x_i2c.o ABSOLUTE
    ..\Libraries\FWlib\src\stm32f10x_iwdg.c  0x00000000   Number         0  stm32f10x_iwdg.o ABSOLUTE
    ..\Libraries\FWlib\src\stm32f10x_pwr.c   0x00000000   Number         0  stm32f10x_pwr.o ABSOLUTE
    ..\Libraries\FWlib\src\stm32f10x_rcc.c   0x00000000   Number         0  stm32f10x_rcc.o ABSOLUTE
    ..\Libraries\FWlib\src\stm32f10x_rtc.c   0x00000000   Number         0  stm32f10x_rtc.o ABSOLUTE
    ..\Libraries\FWlib\src\stm32f10x_sdio.c  0x00000000   Number         0  stm32f10x_sdio.o ABSOLUTE
    ..\Libraries\FWlib\src\stm32f10x_spi.c   0x00000000   Number         0  stm32f10x_spi.o ABSOLUTE
    ..\Libraries\FWlib\src\stm32f10x_tim.c   0x00000000   Number         0  stm32f10x_tim.o ABSOLUTE
    ..\Libraries\FWlib\src\stm32f10x_usart.c 0x00000000   Number         0  stm32f10x_usart.o ABSOLUTE
    ..\Libraries\FWlib\src\stm32f10x_wwdg.c  0x00000000   Number         0  stm32f10x_wwdg.o ABSOLUTE
    ..\System\system_f103.c                  0x00000000   Number         0  system_f103.o ABSOLUTE
    ..\User\main.c                           0x00000000   Number         0  main.o ABSOLUTE
    ..\User\stm32f10x_it.c                   0x00000000   Number         0  stm32f10x_it.o ABSOLUTE
    ..\\Libraries\\CMSIS\\core_cm3.c         0x00000000   Number         0  core_cm3.o ABSOLUTE
    ..\bsp\LCD_1.8_ST7735\bsp_lcd_st7735.c   0x00000000   Number         0  bsp_lcd_st7735.o ABSOLUTE
    ..\bsp\LED\bsp_led.c                     0x00000000   Number         0  bsp_led.o ABSOLUTE
    ..\bsp\USART\bsp_usart.c                 0x00000000   Number         0  bsp_usart.o ABSOLUTE
    ..\bsp\w25qxx\bsp_w25qxx.c               0x00000000   Number         0  bsp_w25qxx.o ABSOLUTE
    cdrcmple.s                               0x00000000   Number         0  cdrcmple.o ABSOLUTE
    dc.s                                     0x00000000   Number         0  dc.o ABSOLUTE
    handlers.s                               0x00000000   Number         0  handlers.o ABSOLUTE
    init.s                                   0x00000000   Number         0  init.o ABSOLUTE
    RESET                                    0x08000000   Section      236  startup_stm32f10x_md.o(RESET)
    .ARM.Collect$$$$00000000                 0x080000ec   Section        0  entry.o(.ARM.Collect$$$$00000000)
    .ARM.Collect$$$$00000001                 0x080000ec   Section        4  entry2.o(.ARM.Collect$$$$00000001)
    .ARM.Collect$$$$00000004                 0x080000f0   Section        4  entry5.o(.ARM.Collect$$$$00000004)
    .ARM.Collect$$$$00000008                 0x080000f4   Section        0  entry7b.o(.ARM.Collect$$$$00000008)
    .ARM.Collect$$$$0000000A                 0x080000f4   Section        0  entry8b.o(.ARM.Collect$$$$0000000A)
    .ARM.Collect$$$$0000000B                 0x080000f4   Section        8  entry9a.o(.ARM.Collect$$$$0000000B)
    .ARM.Collect$$$$0000000E                 0x080000fc   Section        4  entry12b.o(.ARM.Collect$$$$0000000E)
    .ARM.Collect$$$$0000000F                 0x08000100   Section        0  entry10a.o(.ARM.Collect$$$$0000000F)
    .ARM.Collect$$$$00000011                 0x08000100   Section        0  entry11a.o(.ARM.Collect$$$$00000011)
    .ARM.Collect$$$$00002712                 0x08000100   Section        4  entry2.o(.ARM.Collect$$$$00002712)
    __lit__00000000                          0x08000100   Data           4  entry2.o(.ARM.Collect$$$$00002712)
    .text                                    0x08000104   Section       36  startup_stm32f10x_md.o(.text)
    .text                                    0x08000128   Section        0  memcpya.o(.text)
    .text                                    0x0800014c   Section        0  memseta.o(.text)
    .text                                    0x08000170   Section        0  uidiv.o(.text)
    .text                                    0x0800019c   Section       36  init.o(.text)
    i.BusFault_Handler                       0x080001c0   Section        0  stm32f10x_it.o(i.BusFault_Handler)
    i.DebugMon_Handler                       0x080001c4   Section        0  stm32f10x_it.o(i.DebugMon_Handler)
    i.GPIO_Init                              0x080001c6   Section        0  stm32f10x_gpio.o(i.GPIO_Init)
    i.HardFault_Handler                      0x080002dc   Section        0  stm32f10x_it.o(i.HardFault_Handler)
    i.LCD_Chinese16ForFile                   0x080002e0   Section        0  bsp_lcd_st7735.o(i.LCD_Chinese16ForFile)
    i.LCD_Fill                               0x08000360   Section        0  bsp_lcd_st7735.o(i.LCD_Fill)
    i.LCD_Image                              0x080003a2   Section        0  bsp_lcd_st7735.o(i.LCD_Image)
    i.LCD_Init                               0x08000414   Section        0  bsp_lcd_st7735.o(i.LCD_Init)
    i.LCD_String                             0x08000650   Section        0  bsp_lcd_st7735.o(i.LCD_String)
    i.Led_Init                               0x080006e8   Section        0  bsp_led.o(i.Led_Init)
    i.MemManage_Handler                      0x08000740   Section        0  stm32f10x_it.o(i.MemManage_Handler)
    i.NMI_Handler                            0x08000744   Section        0  stm32f10x_it.o(i.NMI_Handler)
    i.NVIC_Init                              0x08000748   Section        0  misc.o(i.NVIC_Init)
    i.NVIC_PriorityGroupConfig               0x080007b8   Section        0  misc.o(i.NVIC_PriorityGroupConfig)
    i.PendSV_Handler                         0x080007cc   Section        0  stm32f10x_it.o(i.PendSV_Handler)
    i.RCC_APB1PeriphResetCmd                 0x080007d0   Section        0  stm32f10x_rcc.o(i.RCC_APB1PeriphResetCmd)
    i.RCC_APB2PeriphClockCmd                 0x080007f0   Section        0  stm32f10x_rcc.o(i.RCC_APB2PeriphClockCmd)
    i.RCC_APB2PeriphResetCmd                 0x08000810   Section        0  stm32f10x_rcc.o(i.RCC_APB2PeriphResetCmd)
    i.RCC_GetClocksFreq                      0x08000830   Section        0  stm32f10x_rcc.o(i.RCC_GetClocksFreq)
    i.SPI_Cmd                                0x08000904   Section        0  stm32f10x_spi.o(i.SPI_Cmd)
    i.SPI_Init                               0x0800091c   Section        0  stm32f10x_spi.o(i.SPI_Init)
    i.SVC_Handler                            0x08000958   Section        0  stm32f10x_it.o(i.SVC_Handler)
    i.SysTick_Handler                        0x0800095c   Section        0  system_f103.o(i.SysTick_Handler)
    i.SystemInit                             0x08000974   Section        0  system_stm32f10x.o(i.SystemInit)
    i.System_SwdMode                         0x08000a7c   Section        0  system_f103.o(i.System_SwdMode)
    i.USART1_IRQHandler                      0x08000aa8   Section        0  bsp_usart.o(i.USART1_IRQHandler)
    i.USART1_Init                            0x08000b84   Section        0  bsp_usart.o(i.USART1_Init)
    i.USART2_IRQHandler                      0x08000ce8   Section        0  bsp_usart.o(i.USART2_IRQHandler)
    i.USART3_IRQHandler                      0x08000dcc   Section        0  bsp_usart.o(i.USART3_IRQHandler)
    i.USART_Cmd                              0x08000eb0   Section        0  stm32f10x_usart.o(i.USART_Cmd)
    i.USART_DeInit                           0x08000ec8   Section        0  stm32f10x_usart.o(i.USART_DeInit)
    i.USART_ITConfig                         0x08000f64   Section        0  stm32f10x_usart.o(i.USART_ITConfig)
    i.USART_Init                             0x08000fb0   Section        0  stm32f10x_usart.o(i.USART_Init)
    i.UsageFault_Handler                     0x08001088   Section        0  stm32f10x_it.o(i.UsageFault_Handler)
    i.W25qx_Init                             0x0800108c   Section        0  bsp_w25qxx.o(i.W25qx_Init)
    i.W25qxx_ReadBuffer                      0x0800110c   Section        0  bsp_w25qxx.o(i.W25qxx_ReadBuffer)
    i.W25qxx_ReadGBK                         0x08001170   Section        0  bsp_w25qxx.o(i.W25qxx_ReadGBK)
    i.W25qxx_WriteBuffer                     0x08001260   Section        0  bsp_w25qxx.o(i.W25qxx_WriteBuffer)
    i.WaitReady                              0x08001344   Section        0  bsp_w25qxx.o(i.WaitReady)
    WaitReady                                0x08001345   Thumb Code    42  bsp_w25qxx.o(i.WaitReady)
    i.__0printf$6                            0x08001374   Section        0  printf6.o(i.__0printf$6)
    i.__0sprintf$6                           0x08001394   Section        0  printf6.o(i.__0sprintf$6)
    i.__scatterload_copy                     0x080013bc   Section       14  handlers.o(i.__scatterload_copy)
    i.__scatterload_null                     0x080013ca   Section        2  handlers.o(i.__scatterload_null)
    i.__scatterload_zeroinit                 0x080013cc   Section       14  handlers.o(i.__scatterload_zeroinit)
    i._printf_core                           0x080013dc   Section        0  printf6.o(i._printf_core)
    _printf_core                             0x080013dd   Thumb Code   748  printf6.o(i._printf_core)
    i._printf_post_padding                   0x080016cc   Section        0  printf6.o(i._printf_post_padding)
    _printf_post_padding                     0x080016cd   Thumb Code    36  printf6.o(i._printf_post_padding)
    i._printf_pre_padding                    0x080016f0   Section        0  printf6.o(i._printf_pre_padding)
    _printf_pre_padding                      0x080016f1   Thumb Code    46  printf6.o(i._printf_pre_padding)
    i._sputc                                 0x0800171e   Section        0  printf6.o(i._sputc)
    _sputc                                   0x0800171f   Thumb Code    10  printf6.o(i._sputc)
    i.checkFlagGBKStorage                    0x08001728   Section        0  bsp_w25qxx.o(i.checkFlagGBKStorage)
    checkFlagGBKStorage                      0x08001729   Thumb Code    96  bsp_w25qxx.o(i.checkFlagGBKStorage)
    i.delayUS                                0x080017cc   Section        0  bsp_w25qxx.o(i.delayUS)
    delayUS                                  0x080017cd   Thumb Code    26  bsp_w25qxx.o(i.delayUS)
    i.delay_ms                               0x080017e6   Section        0  main.o(i.delay_ms)
    delay_ms                                 0x080017e7   Thumb Code    18  main.o(i.delay_ms)
    i.delay_ms                               0x080017f8   Section        0  bsp_lcd_st7735.o(i.delay_ms)
    delay_ms                                 0x080017f9   Thumb Code    18  bsp_lcd_st7735.o(i.delay_ms)
    i.drawAscii                              0x0800180c   Section        0  bsp_lcd_st7735.o(i.drawAscii)
    i.drawGBK                                0x08001938   Section        0  bsp_lcd_st7735.o(i.drawGBK)
    i.drawPoint                              0x080019e6   Section        0  bsp_lcd_st7735.o(i.drawPoint)
    drawPoint                                0x080019e7   Thumb Code    28  bsp_lcd_st7735.o(i.drawPoint)
    i.eraseSector                            0x08001a04   Section        0  bsp_w25qxx.o(i.eraseSector)
    eraseSector                              0x08001a05   Thumb Code    74  bsp_w25qxx.o(i.eraseSector)
    i.fputc                                  0x08001a58   Section        0  bsp_usart.o(i.fputc)
    i.gpioInit                               0x08001a74   Section        0  bsp_lcd_st7735.o(i.gpioInit)
    gpioInit                                 0x08001a75   Thumb Code   194  bsp_lcd_st7735.o(i.gpioInit)
    i.main                                   0x08001b48   Section        0  main.o(i.main)
    i.readID                                 0x08001c90   Section        0  bsp_w25qxx.o(i.readID)
    readID                                   0x08001c91   Thumb Code   338  bsp_w25qxx.o(i.readID)
    i.sendByte                               0x08001ebc   Section        0  bsp_lcd_st7735.o(i.sendByte)
    sendByte                                 0x08001ebd   Thumb Code    30  bsp_lcd_st7735.o(i.sendByte)
    i.sendByte                               0x08001ee0   Section        0  bsp_w25qxx.o(i.sendByte)
    sendByte                                 0x08001ee1   Thumb Code    70  bsp_w25qxx.o(i.sendByte)
    i.sendOrder                              0x08001f2c   Section        0  bsp_lcd_st7735.o(i.sendOrder)
    sendOrder                                0x08001f2d   Thumb Code    30  bsp_lcd_st7735.o(i.sendOrder)
    i.sendShort                              0x08001f50   Section        0  bsp_lcd_st7735.o(i.sendShort)
    sendShort                                0x08001f51   Thumb Code    36  bsp_lcd_st7735.o(i.sendShort)
    i.setCursor                              0x08001f78   Section        0  bsp_lcd_st7735.o(i.setCursor)
    setCursor                                0x08001f79   Thumb Code    82  bsp_lcd_st7735.o(i.setCursor)
    i.spiInit                                0x08001fcc   Section        0  bsp_lcd_st7735.o(i.spiInit)
    spiInit                                  0x08001fcd   Thumb Code    86  bsp_lcd_st7735.o(i.spiInit)
    i.spiInit                                0x08002028   Section        0  bsp_w25qxx.o(i.spiInit)
    spiInit                                  0x08002029   Thumb Code    84  bsp_w25qxx.o(i.spiInit)
    i.spiSendByte                            0x08002080   Section        0  bsp_lcd_st7735.o(i.spiSendByte)
    spiSendByte                              0x08002081   Thumb Code   100  bsp_lcd_st7735.o(i.spiSendByte)
    i.writeEnable                            0x080020ec   Section        0  bsp_w25qxx.o(i.writeEnable)
    writeEnable                              0x080020ed   Thumb Code    26  bsp_w25qxx.o(i.writeEnable)
    i.writeSector                            0x0800210c   Section        0  bsp_w25qxx.o(i.writeSector)
    writeSector                              0x0800210d   Thumb Code   126  bsp_w25qxx.o(i.writeSector)
    .constdata                               0x08002194   Section    19554  bsp_lcd_st7735.o(.constdata)
    .data                                    0x20000000   Section       20  bsp_usart.o(.data)
    U1TxCounter                              0x20000000   Data           1  bsp_usart.o(.data)
    U1TxCount                                0x20000001   Data           1  bsp_usart.o(.data)
    U2TxCounter                              0x20000002   Data           1  bsp_usart.o(.data)
    U2TxCount                                0x20000003   Data           1  bsp_usart.o(.data)
    U3TxCounter                              0x20000004   Data           1  bsp_usart.o(.data)
    U3TxCount                                0x20000005   Data           1  bsp_usart.o(.data)
    cnt                                      0x2000000c   Data           2  bsp_usart.o(.data)
    Flag_DmaTxInit                           0x2000000e   Data           1  bsp_usart.o(.data)
    cnt                                      0x20000010   Data           2  bsp_usart.o(.data)
    cnt                                      0x20000012   Data           2  bsp_usart.o(.data)
    .data                                    0x20000014   Section        2  bsp_lcd_st7735.o(.data)
    retry                                    0x20000014   Data           2  bsp_lcd_st7735.o(.data)
    .data                                    0x20000018   Section       26  system_f103.o(.data)
    _startTime                               0x20000020   Data           8  system_f103.o(.data)
    lastTime                                 0x20000028   Data           4  system_f103.o(.data)
    nowTime                                  0x2000002c   Data           4  system_f103.o(.data)
    CNT                                      0x20000030   Data           1  system_f103.o(.data)
    setGrouped                               0x20000031   Data           1  system_f103.o(.data)
    .data                                    0x20000032   Section       20  stm32f10x_rcc.o(.data)
    APBAHBPrescTable                         0x20000032   Data          16  stm32f10x_rcc.o(.data)
    ADCPrescTable                            0x20000042   Data           4  stm32f10x_rcc.o(.data)
    .bss                                     0x20000048   Section     2838  bsp_usart.o(.bss)
    U1TxBuffer                               0x2000055e   Data         256  bsp_usart.o(.bss)
    U2TxBuffer                               0x2000065e   Data         256  bsp_usart.o(.bss)
    U3TxBuffer                               0x2000075e   Data         256  bsp_usart.o(.bss)
    RxTemp                                   0x2000085e   Data         256  bsp_usart.o(.bss)
    RxTemp                                   0x2000095e   Data         256  bsp_usart.o(.bss)
    RxTemp                                   0x20000a5e   Data         256  bsp_usart.o(.bss)
    .bss                                     0x20000b60   Section       12  bsp_lcd_st7735.o(.bss)
    .bss                                     0x20000b6c   Section     4122  bsp_w25qxx.o(.bss)
    STACK                                    0x20001b88   Section     1024  startup_stm32f10x_md.o(STACK)

    Global Symbols

    Symbol Name                              Value     Ov Type        Size  Object(Section)

    BuildAttributes$$THM_ISAv4$P$D$K$B$S$PE$A:L22UL41UL21$X:L11$S22US41US21$IEEE1$IW$USESV6$~STKCKD$USESV7$~SHL$OTIME$ROPI$EBA8$MICROLIB$REQ8$PRES8$EABIv2 0x00000000   Number         0  anon$$obj.o ABSOLUTE
    __ARM_use_no_argv                        0x00000000   Number         0  main.o ABSOLUTE
    __use_no_errno                           0x00000000   Number         0  useno.o ABSOLUTE
    __use_no_exception_handling              0x00000000   Number         0  useno.o ABSOLUTE
    __use_no_fp                              0x00000000   Number         0  useno.o ABSOLUTE
    __use_no_heap                            0x00000000   Number         0  useno.o ABSOLUTE
    __use_no_heap_region                     0x00000000   Number         0  useno.o ABSOLUTE
    __use_no_semihosting                     0x00000000   Number         0  useno.o ABSOLUTE
    __use_no_semihosting_swi                 0x00000000   Number         0  useno.o ABSOLUTE
    __use_no_signal_handling                 0x00000000   Number         0  useno.o ABSOLUTE
    _printf_a                                0x00000000   Number         0  stubs.o ABSOLUTE
    _printf_c                                0x00000000   Number         0  stubs.o ABSOLUTE
    _printf_charcount                        0x00000000   Number         0  stubs.o ABSOLUTE
    _printf_d                                0x00000000   Number         0  stubs.o ABSOLUTE
    _printf_e                                0x00000000   Number         0  stubs.o ABSOLUTE
    _printf_f                                0x00000000   Number         0  stubs.o ABSOLUTE
    _printf_flags                            0x00000000   Number         0  stubs.o ABSOLUTE
    _printf_fp_dec                           0x00000000   Number         0  stubs.o ABSOLUTE
    _printf_fp_hex                           0x00000000   Number         0  stubs.o ABSOLUTE
    _printf_g                                0x00000000   Number         0  stubs.o ABSOLUTE
    _printf_i                                0x00000000   Number         0  stubs.o ABSOLUTE
    _printf_int_dec                          0x00000000   Number         0  stubs.o ABSOLUTE
    _printf_l                                0x00000000   Number         0  stubs.o ABSOLUTE
    _printf_lc                               0x00000000   Number         0  stubs.o ABSOLUTE
    _printf_ll                               0x00000000   Number         0  stubs.o ABSOLUTE
    _printf_lld                              0x00000000   Number         0  stubs.o ABSOLUTE
    _printf_lli                              0x00000000   Number         0  stubs.o ABSOLUTE
    _printf_llo                              0x00000000   Number         0  stubs.o ABSOLUTE
    _printf_llu                              0x00000000   Number         0  stubs.o ABSOLUTE
    _printf_llx                              0x00000000   Number         0  stubs.o ABSOLUTE
    _printf_longlong_dec                     0x00000000   Number         0  stubs.o ABSOLUTE
    _printf_longlong_hex                     0x00000000   Number         0  stubs.o ABSOLUTE
    _printf_longlong_oct                     0x00000000   Number         0  stubs.o ABSOLUTE
    _printf_ls                               0x00000000   Number         0  stubs.o ABSOLUTE
    _printf_mbtowc                           0x00000000   Number         0  stubs.o ABSOLUTE
    _printf_n                                0x00000000   Number         0  stubs.o ABSOLUTE
    _printf_o                                0x00000000   Number         0  stubs.o ABSOLUTE
    _printf_p                                0x00000000   Number         0  stubs.o ABSOLUTE
    _printf_percent                          0x00000000   Number         0  stubs.o ABSOLUTE
    _printf_pre_padding                      0x00000000   Number         0  stubs.o ABSOLUTE
    _printf_return_value                     0x00000000   Number         0  stubs.o ABSOLUTE
    _printf_s                                0x00000000   Number         0  stubs.o ABSOLUTE
    _printf_sizespec                         0x00000000   Number         0  stubs.o ABSOLUTE
    _printf_str                              0x00000000   Number         0  stubs.o ABSOLUTE
    _printf_truncate_signed                  0x00000000   Number         0  stubs.o ABSOLUTE
    _printf_truncate_unsigned                0x00000000   Number         0  stubs.o ABSOLUTE
    _printf_u                                0x00000000   Number         0  stubs.o ABSOLUTE
    _printf_wc                               0x00000000   Number         0  stubs.o ABSOLUTE
    _printf_wctomb                           0x00000000   Number         0  stubs.o ABSOLUTE
    _printf_widthprec                        0x00000000   Number         0  stubs.o ABSOLUTE
    _printf_x                                0x00000000   Number         0  stubs.o ABSOLUTE
    __arm_fini_                               - Undefined Weak Reference
    __cpp_initialize__aeabi_                  - Undefined Weak Reference
    __cxa_finalize                            - Undefined Weak Reference
    __decompress                              - Undefined Weak Reference
    _clock_init                               - Undefined Weak Reference
    _microlib_exit                            - Undefined Weak Reference
    __Vectors_Size                           0x000000ec   Number         0  startup_stm32f10x_md.o ABSOLUTE
    __Vectors                                0x08000000   Data           4  startup_stm32f10x_md.o(RESET)
    __Vectors_End                            0x080000ec   Data           0  startup_stm32f10x_md.o(RESET)
    __main                                   0x080000ed   Thumb Code     0  entry.o(.ARM.Collect$$$$00000000)
    _main_stk                                0x080000ed   Thumb Code     0  entry2.o(.ARM.Collect$$$$00000001)
    _main_scatterload                        0x080000f1   Thumb Code     0  entry5.o(.ARM.Collect$$$$00000004)
    __main_after_scatterload                 0x080000f5   Thumb Code     0  entry5.o(.ARM.Collect$$$$00000004)
    _main_clock                              0x080000f5   Thumb Code     0  entry7b.o(.ARM.Collect$$$$00000008)
    _main_cpp_init                           0x080000f5   Thumb Code     0  entry8b.o(.ARM.Collect$$$$0000000A)
    _main_init                               0x080000f5   Thumb Code     0  entry9a.o(.ARM.Collect$$$$0000000B)
    __rt_lib_shutdown_fini                   0x080000fd   Thumb Code     0  entry12b.o(.ARM.Collect$$$$0000000E)
    __rt_final_cpp                           0x08000101   Thumb Code     0  entry10a.o(.ARM.Collect$$$$0000000F)
    __rt_final_exit                          0x08000101   Thumb Code     0  entry11a.o(.ARM.Collect$$$$00000011)
    Reset_Handler                            0x08000105   Thumb Code     8  startup_stm32f10x_md.o(.text)
    ADC1_2_IRQHandler                        0x0800011f   Thumb Code     0  startup_stm32f10x_md.o(.text)
    CAN1_RX1_IRQHandler                      0x0800011f   Thumb Code     0  startup_stm32f10x_md.o(.text)
    CAN1_SCE_IRQHandler                      0x0800011f   Thumb Code     0  startup_stm32f10x_md.o(.text)
    DMA1_Channel1_IRQHandler                 0x0800011f   Thumb Code     0  startup_stm32f10x_md.o(.text)
    DMA1_Channel2_IRQHandler                 0x0800011f   Thumb Code     0  startup_stm32f10x_md.o(.text)
    DMA1_Channel3_IRQHandler                 0x0800011f   Thumb Code     0  startup_stm32f10x_md.o(.text)
    DMA1_Channel4_IRQHandler                 0x0800011f   Thumb Code     0  startup_stm32f10x_md.o(.text)
    DMA1_Channel5_IRQHandler                 0x0800011f   Thumb Code     0  startup_stm32f10x_md.o(.text)
    DMA1_Channel6_IRQHandler                 0x0800011f   Thumb Code     0  startup_stm32f10x_md.o(.text)
    DMA1_Channel7_IRQHandler                 0x0800011f   Thumb Code     0  startup_stm32f10x_md.o(.text)
    EXTI0_IRQHandler                         0x0800011f   Thumb Code     0  startup_stm32f10x_md.o(.text)
    EXTI15_10_IRQHandler                     0x0800011f   Thumb Code     0  startup_stm32f10x_md.o(.text)
    EXTI1_IRQHandler                         0x0800011f   Thumb Code     0  startup_stm32f10x_md.o(.text)
    EXTI2_IRQHandler                         0x0800011f   Thumb Code     0  startup_stm32f10x_md.o(.text)
    EXTI3_IRQHandler                         0x0800011f   Thumb Code     0  startup_stm32f10x_md.o(.text)
    EXTI4_IRQHandler                         0x0800011f   Thumb Code     0  startup_stm32f10x_md.o(.text)
    EXTI9_5_IRQHandler                       0x0800011f   Thumb Code     0  startup_stm32f10x_md.o(.text)
    FLASH_IRQHandler                         0x0800011f   Thumb Code     0  startup_stm32f10x_md.o(.text)
    I2C1_ER_IRQHandler                       0x0800011f   Thumb Code     0  startup_stm32f10x_md.o(.text)
    I2C1_EV_IRQHandler                       0x0800011f   Thumb Code     0  startup_stm32f10x_md.o(.text)
    I2C2_ER_IRQHandler                       0x0800011f   Thumb Code     0  startup_stm32f10x_md.o(.text)
    I2C2_EV_IRQHandler                       0x0800011f   Thumb Code     0  startup_stm32f10x_md.o(.text)
    PVD_IRQHandler                           0x0800011f   Thumb Code     0  startup_stm32f10x_md.o(.text)
    RCC_IRQHandler                           0x0800011f   Thumb Code     0  startup_stm32f10x_md.o(.text)
    RTCAlarm_IRQHandler                      0x0800011f   Thumb Code     0  startup_stm32f10x_md.o(.text)
    RTC_IRQHandler                           0x0800011f   Thumb Code     0  startup_stm32f10x_md.o(.text)
    SPI1_IRQHandler                          0x0800011f   Thumb Code     0  startup_stm32f10x_md.o(.text)
    SPI2_IRQHandler                          0x0800011f   Thumb Code     0  startup_stm32f10x_md.o(.text)
    TAMPER_IRQHandler                        0x0800011f   Thumb Code     0  startup_stm32f10x_md.o(.text)
    TIM1_BRK_IRQHandler                      0x0800011f   Thumb Code     0  startup_stm32f10x_md.o(.text)
    TIM1_CC_IRQHandler                       0x0800011f   Thumb Code     0  startup_stm32f10x_md.o(.text)
    TIM1_TRG_COM_IRQHandler                  0x0800011f   Thumb Code     0  startup_stm32f10x_md.o(.text)
    TIM1_UP_IRQHandler                       0x0800011f   Thumb Code     0  startup_stm32f10x_md.o(.text)
    TIM2_IRQHandler                          0x0800011f   Thumb Code     0  startup_stm32f10x_md.o(.text)
    TIM3_IRQHandler                          0x0800011f   Thumb Code     0  startup_stm32f10x_md.o(.text)
    TIM4_IRQHandler                          0x0800011f   Thumb Code     0  startup_stm32f10x_md.o(.text)
    USBWakeUp_IRQHandler                     0x0800011f   Thumb Code     0  startup_stm32f10x_md.o(.text)
    USB_HP_CAN1_TX_IRQHandler                0x0800011f   Thumb Code     0  startup_stm32f10x_md.o(.text)
    USB_LP_CAN1_RX0_IRQHandler               0x0800011f   Thumb Code     0  startup_stm32f10x_md.o(.text)
    WWDG_IRQHandler                          0x0800011f   Thumb Code     0  startup_stm32f10x_md.o(.text)
    __aeabi_memcpy                           0x08000129   Thumb Code    36  memcpya.o(.text)
    __aeabi_memcpy4                          0x08000129   Thumb Code     0  memcpya.o(.text)
    __aeabi_memcpy8                          0x08000129   Thumb Code     0  memcpya.o(.text)
    __aeabi_memset                           0x0800014d   Thumb Code    14  memseta.o(.text)
    __aeabi_memset4                          0x0800014d   Thumb Code     0  memseta.o(.text)
    __aeabi_memset8                          0x0800014d   Thumb Code     0  memseta.o(.text)
    __aeabi_memclr                           0x0800015b   Thumb Code     4  memseta.o(.text)
    __aeabi_memclr4                          0x0800015b   Thumb Code     0  memseta.o(.text)
    __aeabi_memclr8                          0x0800015b   Thumb Code     0  memseta.o(.text)
    _memset$wrapper                          0x0800015f   Thumb Code    18  memseta.o(.text)
    __aeabi_uidiv                            0x08000171   Thumb Code     0  uidiv.o(.text)
    __aeabi_uidivmod                         0x08000171   Thumb Code    44  uidiv.o(.text)
    __scatterload                            0x0800019d   Thumb Code    28  init.o(.text)
    __scatterload_rt2                        0x0800019d   Thumb Code     0  init.o(.text)
    BusFault_Handler                         0x080001c1   Thumb Code     4  stm32f10x_it.o(i.BusFault_Handler)
    DebugMon_Handler                         0x080001c5   Thumb Code     2  stm32f10x_it.o(i.DebugMon_Handler)
    GPIO_Init                                0x080001c7   Thumb Code   278  stm32f10x_gpio.o(i.GPIO_Init)
    HardFault_Handler                        0x080002dd   Thumb Code     4  stm32f10x_it.o(i.HardFault_Handler)
    LCD_Chinese16ForFile                     0x080002e1   Thumb Code   122  bsp_lcd_st7735.o(i.LCD_Chinese16ForFile)
    LCD_Fill                                 0x08000361   Thumb Code    66  bsp_lcd_st7735.o(i.LCD_Fill)
    LCD_Image                                0x080003a3   Thumb Code   114  bsp_lcd_st7735.o(i.LCD_Image)
    LCD_Init                                 0x08000415   Thumb Code   568  bsp_lcd_st7735.o(i.LCD_Init)
    LCD_String                               0x08000651   Thumb Code   146  bsp_lcd_st7735.o(i.LCD_String)
    Led_Init                                 0x080006e9   Thumb Code    52  bsp_led.o(i.Led_Init)
    MemManage_Handler                        0x08000741   Thumb Code     4  stm32f10x_it.o(i.MemManage_Handler)
    NMI_Handler                              0x08000745   Thumb Code     2  stm32f10x_it.o(i.NMI_Handler)
    NVIC_Init                                0x08000749   Thumb Code   100  misc.o(i.NVIC_Init)
    NVIC_PriorityGroupConfig                 0x080007b9   Thumb Code    10  misc.o(i.NVIC_PriorityGroupConfig)
    PendSV_Handler                           0x080007cd   Thumb Code     2  stm32f10x_it.o(i.PendSV_Handler)
    RCC_APB1PeriphResetCmd                   0x080007d1   Thumb Code    26  stm32f10x_rcc.o(i.RCC_APB1PeriphResetCmd)
    RCC_APB2PeriphClockCmd                   0x080007f1   Thumb Code    26  stm32f10x_rcc.o(i.RCC_APB2PeriphClockCmd)
    RCC_APB2PeriphResetCmd                   0x08000811   Thumb Code    26  stm32f10x_rcc.o(i.RCC_APB2PeriphResetCmd)
    RCC_GetClocksFreq                        0x08000831   Thumb Code   192  stm32f10x_rcc.o(i.RCC_GetClocksFreq)
    SPI_Cmd                                  0x08000905   Thumb Code    24  stm32f10x_spi.o(i.SPI_Cmd)
    SPI_Init                                 0x0800091d   Thumb Code    60  stm32f10x_spi.o(i.SPI_Init)
    SVC_Handler                              0x08000959   Thumb Code     2  stm32f10x_it.o(i.SVC_Handler)
    SysTick_Handler                          0x0800095d   Thumb Code    20  system_f103.o(i.SysTick_Handler)
    SystemInit                               0x08000975   Thumb Code   246  system_stm32f10x.o(i.SystemInit)
    System_SwdMode                           0x08000a7d   Thumb Code    36  system_f103.o(i.System_SwdMode)
    USART1_IRQHandler                        0x08000aa9   Thumb Code   192  bsp_usart.o(i.USART1_IRQHandler)
    USART1_Init                              0x08000b85   Thumb Code   222  bsp_usart.o(i.USART1_Init)
    USART2_IRQHandler                        0x08000ce9   Thumb Code   194  bsp_usart.o(i.USART2_IRQHandler)
    USART3_IRQHandler                        0x08000dcd   Thumb Code   194  bsp_usart.o(i.USART3_IRQHandler)
    USART_Cmd                                0x08000eb1   Thumb Code    24  stm32f10x_usart.o(i.USART_Cmd)
    USART_DeInit                             0x08000ec9   Thumb Code   134  stm32f10x_usart.o(i.USART_DeInit)
    USART_ITConfig                           0x08000f65   Thumb Code    74  stm32f10x_usart.o(i.USART_ITConfig)
    USART_Init                               0x08000fb1   Thumb Code   210  stm32f10x_usart.o(i.USART_Init)
    UsageFault_Handler                       0x08001089   Thumb Code     4  stm32f10x_it.o(i.UsageFault_Handler)
    W25qx_Init                               0x0800108d   Thumb Code   110  bsp_w25qxx.o(i.W25qx_Init)
    W25qxx_ReadBuffer                        0x0800110d   Thumb Code    90  bsp_w25qxx.o(i.W25qxx_ReadBuffer)
    W25qxx_ReadGBK                           0x08001171   Thumb Code   226  bsp_w25qxx.o(i.W25qxx_ReadGBK)
    W25qxx_WriteBuffer                       0x08001261   Thumb Code   166  bsp_w25qxx.o(i.W25qxx_WriteBuffer)
    __0printf$6                              0x08001375   Thumb Code    22  printf6.o(i.__0printf$6)
    __1printf$6                              0x08001375   Thumb Code     0  printf6.o(i.__0printf$6)
    __2printf                                0x08001375   Thumb Code     0  printf6.o(i.__0printf$6)
    __0sprintf$6                             0x08001395   Thumb Code    34  printf6.o(i.__0sprintf$6)
    __1sprintf$6                             0x08001395   Thumb Code     0  printf6.o(i.__0sprintf$6)
    __2sprintf                               0x08001395   Thumb Code     0  printf6.o(i.__0sprintf$6)
    __scatterload_copy                       0x080013bd   Thumb Code    14  handlers.o(i.__scatterload_copy)
    __scatterload_null                       0x080013cb   Thumb Code     2  handlers.o(i.__scatterload_null)
    __scatterload_zeroinit                   0x080013cd   Thumb Code    14  handlers.o(i.__scatterload_zeroinit)
    drawAscii                                0x0800180d   Thumb Code   278  bsp_lcd_st7735.o(i.drawAscii)
    drawGBK                                  0x08001939   Thumb Code   174  bsp_lcd_st7735.o(i.drawGBK)
    fputc                                    0x08001a59   Thumb Code    24  bsp_usart.o(i.fputc)
    main                                     0x08001b49   Thumb Code   292  main.o(i.main)
    hanzi16                                  0x08002194   Data         192  bsp_lcd_st7735.o(.constdata)
    hanzi32                                  0x08002254   Data           2  bsp_lcd_st7735.o(.constdata)
    asc2_1206                                0x08002256   Data        1140  bsp_lcd_st7735.o(.constdata)
    asc2_1608                                0x080026ca   Data        1520  bsp_lcd_st7735.o(.constdata)
    asc2_2412                                0x08002cba   Data        3420  bsp_lcd_st7735.o(.constdata)
    asc2_3216                                0x08003a16   Data        6080  bsp_lcd_st7735.o(.constdata)
    imageLoge                                0x080051d6   Data        7200  bsp_lcd_st7735.o(.constdata)
    Region$$Table$$Base                      0x08006df8   Number         0  anon$$obj.o(Region$$Table)
    Region$$Table$$Limit                     0x08006e18   Number         0  anon$$obj.o(Region$$Table)
    __stdout                                 0x20000008   Data           4  bsp_usart.o(.data)
    sysTickCnt                               0x20000018   Data           8  system_f103.o(.data)
    xUSART                                   0x20000048   Data        1302  bsp_usart.o(.bss)
    xLCD                                     0x20000b60   Data          12  bsp_lcd_st7735.o(.bss)
    xW25Qxx                                  0x20000b6c   Data          26  bsp_w25qxx.o(.bss)
    W25QXX_buffer                            0x20000b86   Data        4096  bsp_w25qxx.o(.bss)
    __initial_sp                             0x20001f88   Data           0  startup_stm32f10x_md.o(STACK)



==============================================================================

Memory Map of the image

  Image Entry point : 0x080000ed

  Load Region LR_IROM1 (Base: 0x08000000, Size: 0x00006e60, Max: 0x00010000, ABSOLUTE)

    Execution Region ER_IROM1 (Exec base: 0x08000000, Load base: 0x08000000, Size: 0x00006e18, Max: 0x00010000, ABSOLUTE)

    Exec Addr    Load Addr    Size         Type   Attr      Idx    E Section Name        Object

    0x08000000   0x08000000   0x000000ec   Data   RO          652    RESET               startup_stm32f10x_md.o
    0x080000ec   0x080000ec   0x00000000   Code   RO         3443  * .ARM.Collect$$$$00000000  mc_w.l(entry.o)
    0x080000ec   0x080000ec   0x00000004   Code   RO         3721    .ARM.Collect$$$$00000001  mc_w.l(entry2.o)
    0x080000f0   0x080000f0   0x00000004   Code   RO         3724    .ARM.Collect$$$$00000004  mc_w.l(entry5.o)
    0x080000f4   0x080000f4   0x00000000   Code   RO         3726    .ARM.Collect$$$$00000008  mc_w.l(entry7b.o)
    0x080000f4   0x080000f4   0x00000000   Code   RO         3728    .ARM.Collect$$$$0000000A  mc_w.l(entry8b.o)
    0x080000f4   0x080000f4   0x00000008   Code   RO         3729    .ARM.Collect$$$$0000000B  mc_w.l(entry9a.o)
    0x080000fc   0x080000fc   0x00000004   Code   RO         3736    .ARM.Collect$$$$0000000E  mc_w.l(entry12b.o)
    0x08000100   0x08000100   0x00000000   Code   RO         3731    .ARM.Collect$$$$0000000F  mc_w.l(entry10a.o)
    0x08000100   0x08000100   0x00000000   Code   RO         3733    .ARM.Collect$$$$00000011  mc_w.l(entry11a.o)
    0x08000100   0x08000100   0x00000004   Code   RO         3722    .ARM.Collect$$$$00002712  mc_w.l(entry2.o)
    0x08000104   0x08000104   0x00000024   Code   RO          653    .text               startup_stm32f10x_md.o
    0x08000128   0x08000128   0x00000024   Code   RO         3446    .text               mc_w.l(memcpya.o)
    0x0800014c   0x0800014c   0x00000024   Code   RO         3448    .text               mc_w.l(memseta.o)
    0x08000170   0x08000170   0x0000002c   Code   RO         3737    .text               mc_w.l(uidiv.o)
    0x0800019c   0x0800019c   0x00000024   Code   RO         3754    .text               mc_w.l(init.o)
    0x080001c0   0x080001c0   0x00000004   Code   RO           96    i.BusFault_Handler  stm32f10x_it.o
    0x080001c4   0x080001c4   0x00000002   Code   RO           97    i.DebugMon_Handler  stm32f10x_it.o
    0x080001c6   0x080001c6   0x00000116   Code   RO         1606    i.GPIO_Init         stm32f10x_gpio.o
    0x080002dc   0x080002dc   0x00000004   Code   RO           98    i.HardFault_Handler  stm32f10x_it.o
    0x080002e0   0x080002e0   0x00000080   Code   RO          294    i.LCD_Chinese16ForFile  bsp_lcd_st7735.o
    0x08000360   0x08000360   0x00000042   Code   RO          298    i.LCD_Fill          bsp_lcd_st7735.o
    0x080003a2   0x080003a2   0x00000072   Code   RO          300    i.LCD_Image         bsp_lcd_st7735.o
    0x08000414   0x08000414   0x0000023c   Code   RO          301    i.LCD_Init          bsp_lcd_st7735.o
    0x08000650   0x08000650   0x00000098   Code   RO          303    i.LCD_String        bsp_lcd_st7735.o
    0x080006e8   0x080006e8   0x00000058   Code   RO          157    i.Led_Init          bsp_led.o
    0x08000740   0x08000740   0x00000004   Code   RO           99    i.MemManage_Handler  stm32f10x_it.o
    0x08000744   0x08000744   0x00000002   Code   RO          100    i.NMI_Handler       stm32f10x_it.o
    0x08000746   0x08000746   0x00000002   PAD
    0x08000748   0x08000748   0x00000070   Code   RO          692    i.NVIC_Init         misc.o
    0x080007b8   0x080007b8   0x00000014   Code   RO          693    i.NVIC_PriorityGroupConfig  misc.o
    0x080007cc   0x080007cc   0x00000002   Code   RO          101    i.PendSV_Handler    stm32f10x_it.o
    0x080007ce   0x080007ce   0x00000002   PAD
    0x080007d0   0x080007d0   0x00000020   Code   RO         2032    i.RCC_APB1PeriphResetCmd  stm32f10x_rcc.o
    0x080007f0   0x080007f0   0x00000020   Code   RO         2033    i.RCC_APB2PeriphClockCmd  stm32f10x_rcc.o
    0x08000810   0x08000810   0x00000020   Code   RO         2034    i.RCC_APB2PeriphResetCmd  stm32f10x_rcc.o
    0x08000830   0x08000830   0x000000d4   Code   RO         2041    i.RCC_GetClocksFreq  stm32f10x_rcc.o
    0x08000904   0x08000904   0x00000018   Code   RO         2516    i.SPI_Cmd           stm32f10x_spi.o
    0x0800091c   0x0800091c   0x0000003c   Code   RO         2529    i.SPI_Init          stm32f10x_spi.o
    0x08000958   0x08000958   0x00000002   Code   RO          102    i.SVC_Handler       stm32f10x_it.o
    0x0800095a   0x0800095a   0x00000002   PAD
    0x0800095c   0x0800095c   0x00000018   Code   RO          506    i.SysTick_Handler   system_f103.o
    0x08000974   0x08000974   0x00000108   Code   RO          669    i.SystemInit        system_stm32f10x.o
    0x08000a7c   0x08000a7c   0x0000002c   Code   RO          522    i.System_SwdMode    system_f103.o
    0x08000aa8   0x08000aa8   0x000000dc   Code   RO          170    i.USART1_IRQHandler  bsp_usart.o
    0x08000b84   0x08000b84   0x00000164   Code   RO          171    i.USART1_Init       bsp_usart.o
    0x08000ce8   0x08000ce8   0x000000e4   Code   RO          176    i.USART2_IRQHandler  bsp_usart.o
    0x08000dcc   0x08000dcc   0x000000e4   Code   RO          181    i.USART3_IRQHandler  bsp_usart.o
    0x08000eb0   0x08000eb0   0x00000018   Code   RO         3210    i.USART_Cmd         stm32f10x_usart.o
    0x08000ec8   0x08000ec8   0x0000009c   Code   RO         3212    i.USART_DeInit      stm32f10x_usart.o
    0x08000f64   0x08000f64   0x0000004a   Code   RO         3216    i.USART_ITConfig    stm32f10x_usart.o
    0x08000fae   0x08000fae   0x00000002   PAD
    0x08000fb0   0x08000fb0   0x000000d8   Code   RO         3217    i.USART_Init        stm32f10x_usart.o
    0x08001088   0x08001088   0x00000004   Code   RO          103    i.UsageFault_Handler  stm32f10x_it.o
    0x0800108c   0x0800108c   0x00000080   Code   RO          425    i.W25qx_Init        bsp_w25qxx.o
    0x0800110c   0x0800110c   0x00000064   Code   RO          426    i.W25qxx_ReadBuffer  bsp_w25qxx.o
    0x08001170   0x08001170   0x000000f0   Code   RO          427    i.W25qxx_ReadGBK    bsp_w25qxx.o
    0x08001260   0x08001260   0x000000e4   Code   RO          428    i.W25qxx_WriteBuffer  bsp_w25qxx.o
    0x08001344   0x08001344   0x00000030   Code   RO          429    i.WaitReady         bsp_w25qxx.o
    0x08001374   0x08001374   0x00000020   Code   RO         3607    i.__0printf$6       mc_w.l(printf6.o)
    0x08001394   0x08001394   0x00000028   Code   RO         3609    i.__0sprintf$6      mc_w.l(printf6.o)
    0x080013bc   0x080013bc   0x0000000e   Code   RO         3766    i.__scatterload_copy  mc_w.l(handlers.o)
    0x080013ca   0x080013ca   0x00000002   Code   RO         3767    i.__scatterload_null  mc_w.l(handlers.o)
    0x080013cc   0x080013cc   0x0000000e   Code   RO         3768    i.__scatterload_zeroinit  mc_w.l(handlers.o)
    0x080013da   0x080013da   0x00000002   PAD
    0x080013dc   0x080013dc   0x000002f0   Code   RO         3614    i._printf_core      mc_w.l(printf6.o)
    0x080016cc   0x080016cc   0x00000024   Code   RO         3615    i._printf_post_padding  mc_w.l(printf6.o)
    0x080016f0   0x080016f0   0x0000002e   Code   RO         3616    i._printf_pre_padding  mc_w.l(printf6.o)
    0x0800171e   0x0800171e   0x0000000a   Code   RO         3618    i._sputc            mc_w.l(printf6.o)
    0x08001728   0x08001728   0x000000a4   Code   RO          430    i.checkFlagGBKStorage  bsp_w25qxx.o
    0x080017cc   0x080017cc   0x0000001a   Code   RO          431    i.delayUS           bsp_w25qxx.o
    0x080017e6   0x080017e6   0x00000012   Code   RO            1    i.delay_ms          main.o
    0x080017f8   0x080017f8   0x00000012   Code   RO          304    i.delay_ms          bsp_lcd_st7735.o
    0x0800180a   0x0800180a   0x00000002   PAD
    0x0800180c   0x0800180c   0x0000012c   Code   RO          305    i.drawAscii         bsp_lcd_st7735.o
    0x08001938   0x08001938   0x000000ae   Code   RO          306    i.drawGBK           bsp_lcd_st7735.o
    0x080019e6   0x080019e6   0x0000001c   Code   RO          307    i.drawPoint         bsp_lcd_st7735.o
    0x08001a02   0x08001a02   0x00000002   PAD
    0x08001a04   0x08001a04   0x00000054   Code   RO          432    i.eraseSector       bsp_w25qxx.o
    0x08001a58   0x08001a58   0x0000001c   Code   RO          186    i.fputc             bsp_usart.o
    0x08001a74   0x08001a74   0x000000d4   Code   RO          308    i.gpioInit          bsp_lcd_st7735.o
    0x08001b48   0x08001b48   0x00000148   Code   RO            2    i.main              main.o
    0x08001c90   0x08001c90   0x0000022c   Code   RO          433    i.readID            bsp_w25qxx.o
    0x08001ebc   0x08001ebc   0x00000024   Code   RO          309    i.sendByte          bsp_lcd_st7735.o
    0x08001ee0   0x08001ee0   0x0000004c   Code   RO          434    i.sendByte          bsp_w25qxx.o
    0x08001f2c   0x08001f2c   0x00000024   Code   RO          310    i.sendOrder         bsp_lcd_st7735.o
    0x08001f50   0x08001f50   0x00000028   Code   RO          311    i.sendShort         bsp_lcd_st7735.o
    0x08001f78   0x08001f78   0x00000052   Code   RO          312    i.setCursor         bsp_lcd_st7735.o
    0x08001fca   0x08001fca   0x00000002   PAD
    0x08001fcc   0x08001fcc   0x0000005c   Code   RO          313    i.spiInit           bsp_lcd_st7735.o
    0x08002028   0x08002028   0x00000058   Code   RO          435    i.spiInit           bsp_w25qxx.o
    0x08002080   0x08002080   0x0000006c   Code   RO          314    i.spiSendByte       bsp_lcd_st7735.o
    0x080020ec   0x080020ec   0x00000020   Code   RO          436    i.writeEnable       bsp_w25qxx.o
    0x0800210c   0x0800210c   0x00000088   Code   RO          437    i.writeSector       bsp_w25qxx.o
    0x08002194   0x08002194   0x00004c62   Data   RO          316    .constdata          bsp_lcd_st7735.o
    0x08006df6   0x08006df6   0x00000002   PAD
    0x08006df8   0x08006df8   0x00000020   Data   RO         3764    Region$$Table       anon$$obj.o


    Execution Region RW_IRAM1 (Exec base: 0x20000000, Load base: 0x08006e18, Size: 0x00001f88, Max: 0x00005000, ABSOLUTE)

    Exec Addr    Load Addr    Size         Type   Attr      Idx    E Section Name        Object

    0x20000000   0x08006e18   0x00000014   Data   RW          188    .data               bsp_usart.o
    0x20000014   0x08006e2c   0x00000002   Data   RW          317    .data               bsp_lcd_st7735.o
    0x20000016   0x08006e2e   0x00000002   PAD
    0x20000018   0x08006e30   0x0000001a   Data   RW          529    .data               system_f103.o
    0x20000032   0x08006e4a   0x00000014   Data   RW         2061    .data               stm32f10x_rcc.o
    0x20000046   0x08006e5e   0x00000002   PAD
    0x20000048        -       0x00000b16   Zero   RW          187    .bss                bsp_usart.o
    0x20000b5e   0x08006e5e   0x00000002   PAD
    0x20000b60        -       0x0000000c   Zero   RW          315    .bss                bsp_lcd_st7735.o
    0x20000b6c        -       0x0000101a   Zero   RW          438    .bss                bsp_w25qxx.o
    0x20001b86   0x08006e5e   0x00000002   PAD
    0x20001b88        -       0x00000400   Zero   RW          650    STACK               startup_stm32f10x_md.o


==============================================================================

Image component sizes


      Code (inc. data)   RO Data    RW Data    ZI Data      Debug   Object Name

      2158         86      19554          2         12      12809   bsp_lcd_st7735.o
        88         36          0          0          0        467   bsp_led.o
      1060        234          0         20       2838       6485   bsp_usart.o
      1906        438          0          0       4122       9435   bsp_w25qxx.o
       346         36          0          0          0     238839   main.o
       132         22          0          0          0       1455   misc.o
        36          8        236          0       1024        840   startup_stm32f10x_md.o
       278          0          0          0          0       1912   stm32f10x_gpio.o
        24          0          0          0          0       3228   stm32f10x_it.o
       308         38          0         20          0       4855   stm32f10x_rcc.o
        84          0          0          0          0       2049   stm32f10x_spi.o
       470         28          0          0          0       4161   stm32f10x_usart.o
        68         12          0         26          0       5727   system_f103.o
       264         18          0          0          0        957   system_stm32f10x.o

    ----------------------------------------------------------------------
      7236        956      19824         72       8000     293219   Object Totals
         0          0         32          0          0          0   (incl. Generated)
        14          0          2          4          4          0   (incl. Padding)

    ----------------------------------------------------------------------

      Code (inc. data)   RO Data    RW Data    ZI Data      Debug   Library Member Name

         0          0          0          0          0          0   entry.o
         0          0          0          0          0          0   entry10a.o
         0          0          0          0          0          0   entry11a.o
         4          0          0          0          0          0   entry12b.o
         8          4          0          0          0          0   entry2.o
         4          0          0          0          0          0   entry5.o
         0          0          0          0          0          0   entry7b.o
         0          0          0          0          0          0   entry8b.o
         8          4          0          0          0          0   entry9a.o
        30          0          0          0          0          0   handlers.o
        36          8          0          0          0         68   init.o
        36          0          0          0          0         68   memcpya.o
        36          0          0          0          0        108   memseta.o
       916         20          0          0          0        504   printf6.o
        44          0          0          0          0         80   uidiv.o

    ----------------------------------------------------------------------
      1124         36          0          0          0        828   Library Totals
         2          0          0          0          0          0   (incl. Padding)

    ----------------------------------------------------------------------

      Code (inc. data)   RO Data    RW Data    ZI Data      Debug   Library Name

      1122         36          0          0          0        828   mc_w.l

    ----------------------------------------------------------------------
      1124         36          0          0          0        828   Library Totals

    ----------------------------------------------------------------------

==============================================================================


      Code (inc. data)   RO Data    RW Data    ZI Data      Debug   

      8360        992      19824         72       8000     290819   Grand Totals
      8360        992      19824         72       8000     290819   ELF Image Totals
      8360        992      19824         72          0          0   ROM Totals

==============================================================================

    Total RO  Size (Code + RO Data)                28184 (  27.52kB)
    Total RW  Size (RW Data + ZI Data)              8072 (   7.88kB)
    Total ROM Size (Code + RO Data + RW Data)      28256 (  27.59kB)

==============================================================================

